Archive member included to satisfy reference by file (symbol)

D:/Arm GNU Toolchain arm-none-eabi/13.3 rel1/bin/../lib/gcc/arm-none-eabi/13.3.1/thumb/v7e-m+fp/hard\libc_nano.a(libc_a-exit.o)
                              D:/Arm GNU Toolchain arm-none-eabi/13.3 rel1/bin/../lib/gcc/arm-none-eabi/13.3.1/thumb/v7e-m+fp/hard/crt0.o (exit)
D:/Arm GNU Toolchain arm-none-eabi/13.3 rel1/bin/../lib/gcc/arm-none-eabi/13.3.1/thumb/v7e-m+fp/hard\libc_nano.a(libc_a-findfp.o)
                              D:/Arm GNU Toolchain arm-none-eabi/13.3 rel1/bin/../lib/gcc/arm-none-eabi/13.3.1/thumb/v7e-m+fp/hard\libc_nano.a(libc_a-exit.o) (__stdio_exit_handler)
D:/Arm GNU Toolchain arm-none-eabi/13.3 rel1/bin/../lib/gcc/arm-none-eabi/13.3.1/thumb/v7e-m+fp/hard\libc_nano.a(libc_a-fwalk.o)
                              D:/Arm GNU Toolchain arm-none-eabi/13.3 rel1/bin/../lib/gcc/arm-none-eabi/13.3.1/thumb/v7e-m+fp/hard\libc_nano.a(libc_a-findfp.o) (_fwalk_sglue)
D:/Arm GNU Toolchain arm-none-eabi/13.3 rel1/bin/../lib/gcc/arm-none-eabi/13.3.1/thumb/v7e-m+fp/hard\libc_nano.a(libc_a-stdio.o)
                              D:/Arm GNU Toolchain arm-none-eabi/13.3 rel1/bin/../lib/gcc/arm-none-eabi/13.3.1/thumb/v7e-m+fp/hard\libc_nano.a(libc_a-findfp.o) (__sread)
D:/Arm GNU Toolchain arm-none-eabi/13.3 rel1/bin/../lib/gcc/arm-none-eabi/13.3.1/thumb/v7e-m+fp/hard\libc_nano.a(libc_a-memset.o)
                              D:/Arm GNU Toolchain arm-none-eabi/13.3 rel1/bin/../lib/gcc/arm-none-eabi/13.3.1/thumb/v7e-m+fp/hard/crt0.o (memset)
D:/Arm GNU Toolchain arm-none-eabi/13.3 rel1/bin/../lib/gcc/arm-none-eabi/13.3.1/thumb/v7e-m+fp/hard\libc_nano.a(libc_a-closer.o)
                              D:/Arm GNU Toolchain arm-none-eabi/13.3 rel1/bin/../lib/gcc/arm-none-eabi/13.3.1/thumb/v7e-m+fp/hard\libc_nano.a(libc_a-stdio.o) (_close_r)
D:/Arm GNU Toolchain arm-none-eabi/13.3 rel1/bin/../lib/gcc/arm-none-eabi/13.3.1/thumb/v7e-m+fp/hard\libc_nano.a(libc_a-reent.o)
                              D:/Arm GNU Toolchain arm-none-eabi/13.3 rel1/bin/../lib/gcc/arm-none-eabi/13.3.1/thumb/v7e-m+fp/hard\libc_nano.a(libc_a-closer.o) (errno)
D:/Arm GNU Toolchain arm-none-eabi/13.3 rel1/bin/../lib/gcc/arm-none-eabi/13.3.1/thumb/v7e-m+fp/hard\libc_nano.a(libc_a-impure.o)
                              D:/Arm GNU Toolchain arm-none-eabi/13.3 rel1/bin/../lib/gcc/arm-none-eabi/13.3.1/thumb/v7e-m+fp/hard\libc_nano.a(libc_a-reent.o) (_impure_ptr)
D:/Arm GNU Toolchain arm-none-eabi/13.3 rel1/bin/../lib/gcc/arm-none-eabi/13.3.1/thumb/v7e-m+fp/hard\libc_nano.a(libc_a-lseekr.o)
                              D:/Arm GNU Toolchain arm-none-eabi/13.3 rel1/bin/../lib/gcc/arm-none-eabi/13.3.1/thumb/v7e-m+fp/hard\libc_nano.a(libc_a-stdio.o) (_lseek_r)
D:/Arm GNU Toolchain arm-none-eabi/13.3 rel1/bin/../lib/gcc/arm-none-eabi/13.3.1/thumb/v7e-m+fp/hard\libc_nano.a(libc_a-readr.o)
                              D:/Arm GNU Toolchain arm-none-eabi/13.3 rel1/bin/../lib/gcc/arm-none-eabi/13.3.1/thumb/v7e-m+fp/hard\libc_nano.a(libc_a-stdio.o) (_read_r)
D:/Arm GNU Toolchain arm-none-eabi/13.3 rel1/bin/../lib/gcc/arm-none-eabi/13.3.1/thumb/v7e-m+fp/hard\libc_nano.a(libc_a-writer.o)
                              D:/Arm GNU Toolchain arm-none-eabi/13.3 rel1/bin/../lib/gcc/arm-none-eabi/13.3.1/thumb/v7e-m+fp/hard\libc_nano.a(libc_a-stdio.o) (_write_r)
D:/Arm GNU Toolchain arm-none-eabi/13.3 rel1/bin/../lib/gcc/arm-none-eabi/13.3.1/thumb/v7e-m+fp/hard\libc_nano.a(libc_a-init.o)
                              D:/Arm GNU Toolchain arm-none-eabi/13.3 rel1/bin/../lib/gcc/arm-none-eabi/13.3.1/thumb/v7e-m+fp/hard/crt0.o (__libc_init_array)
D:/Arm GNU Toolchain arm-none-eabi/13.3 rel1/bin/../lib/gcc/arm-none-eabi/13.3.1/thumb/v7e-m+fp/hard\libc_nano.a(libc_a-lock.o)
                              D:/Arm GNU Toolchain arm-none-eabi/13.3 rel1/bin/../lib/gcc/arm-none-eabi/13.3.1/thumb/v7e-m+fp/hard\libc_nano.a(libc_a-findfp.o) (__retarget_lock_init_recursive)
D:/Arm GNU Toolchain arm-none-eabi/13.3 rel1/bin/../lib/gcc/arm-none-eabi/13.3.1/thumb/v7e-m+fp/hard\libc_nano.a(libc_a-freer.o)
                              D:/Arm GNU Toolchain arm-none-eabi/13.3 rel1/bin/../lib/gcc/arm-none-eabi/13.3.1/thumb/v7e-m+fp/hard\libc_nano.a(libc_a-reent.o) (_free_r)
D:/Arm GNU Toolchain arm-none-eabi/13.3 rel1/bin/../lib/gcc/arm-none-eabi/13.3.1/thumb/v7e-m+fp/hard\libc_nano.a(libc_a-mallocr.o)
                              D:/Arm GNU Toolchain arm-none-eabi/13.3 rel1/bin/../lib/gcc/arm-none-eabi/13.3.1/thumb/v7e-m+fp/hard\libc_nano.a(libc_a-findfp.o) (_malloc_r)
D:/Arm GNU Toolchain arm-none-eabi/13.3 rel1/bin/../lib/gcc/arm-none-eabi/13.3.1/thumb/v7e-m+fp/hard\libc_nano.a(libc_a-mlock.o)
                              D:/Arm GNU Toolchain arm-none-eabi/13.3 rel1/bin/../lib/gcc/arm-none-eabi/13.3.1/thumb/v7e-m+fp/hard\libc_nano.a(libc_a-freer.o) (__malloc_lock)
D:/Arm GNU Toolchain arm-none-eabi/13.3 rel1/bin/../lib/gcc/arm-none-eabi/13.3.1/thumb/v7e-m+fp/hard\libc_nano.a(libc_a-fflush.o)
[...]
Memory Configuration

Name             Origin             Length             Attributes
RAM              0x20000000         0x00020000         xrw
CCMRAM           0x10000000         0x00010000         xrw
FLASH            0x08000000         0x00100000         xr
*default*        0x00000000         0xffffffff

Linker script and memory map

LOAD D:/Arm GNU Toolchain arm-none-eabi/13.3 rel1/bin/../lib/gcc/arm-none-eabi/13.3.1/thumb/v7e-m+fp/hard/crti.o
LOAD D:/Arm GNU Toolchain arm-none-eabi/13.3 rel1/bin/../lib/gcc/arm-none-eabi/13.3.1/thumb/v7e-m+fp/hard/crtbegin.o
LOAD D:/Arm GNU Toolchain arm-none-eabi/13.3 rel1/bin/../lib/gcc/arm-none-eabi/13.3.1/thumb/v7e-m+fp/hard/crt0.o
START GROUP
LOAD D:/Arm GNU Toolchain arm-none-eabi/13.3 rel1/bin/../lib/gcc/arm-none-eabi/13.3.1/thumb/v7e-m+fp/hard\libc_nano.a
LOAD D:/Arm GNU Toolchain arm-none-eabi/13.3 rel1/bin/../lib/gcc/arm-none-eabi/13.3.1/thumb/v7e-m+fp/hard\libm.a
END GROUP
LOAD CMakeFiles/robocup_ctype.dir/Bsp/dwt/bsp_dwt.c.obj
LOAD CMakeFiles/robocup_ctype.dir/Bsp/usart/bsp_usart.c.obj
LOAD CMakeFiles/robocup_ctype.dir/Bsp/daemon/daemon.c.obj
LOAD CMakeFiles/robocup_ctype.dir/Bsp/log/bsp_log.c.obj
LOAD CMakeFiles/robocup_ctype.dir/Bsp/can/bsp_can.c.obj
LOAD CMakeFiles/robocup_ctype.dir/Modules/Controller/PID.c.obj
LOAD CMakeFiles/robocup_ctype.dir/Modules/motor/motor.c.obj
LOAD CMakeFiles/robocup_ctype.dir/Modules/remote/remote.c.obj
LOAD CMakeFiles/robocup_ctype.dir/Modules/message_center/message_center.c.obj
LOAD CMakeFiles/robocup_ctype.dir/Modules/Vision/master_process.c.obj
LOAD CMakeFiles/robocup_ctype.dir/Modules/Vision/seasky_protocol.c.obj
LOAD CMakeFiles/robocup_ctype.dir/Modules/Crc/crc8.c.obj
LOAD CMakeFiles/robocup_ctype.dir/Modules/Crc/crc16.c.obj
LOAD CMakeFiles/robocup_ctype.dir/Modules/can_comm/can_comm.c.obj
LOAD CMakeFiles/robocup_ctype.dir/Middlewares/Third_Party/SEGGER/RTT/SEGGER_RTT_printf.c.obj
LOAD CMakeFiles/robocup_ctype.dir/Middlewares/Third_Party/SEGGER/RTT/SEGGER_RTT.c.obj
LOAD CMakeFiles/robocup_ctype.dir/App/Init/init.c.obj
LOAD CMakeFiles/robocup_ctype.dir/App/Car/car.c.obj
LOAD CMakeFiles/robocup_ctype.dir/App/Cmd/cmd.c.obj
LOAD CMakeFiles/robocup_ctype.dir/Core/Src/main.c.obj
LOAD CMakeFiles/robocup_ctype.dir/Core/Src/gpio.c.obj
LOAD CMakeFiles/robocup_ctype.dir/Core/Src/freertos.c.obj
LOAD CMakeFiles/robocup_ctype.dir/Core/Src/can.c.obj
LOAD CMakeFiles/robocup_ctype.dir/Core/Src/dma.c.obj
LOAD CMakeFiles/robocup_ctype.dir/Core/Src/rng.c.obj
LOAD CMakeFiles/robocup_ctype.dir/Core/Src/rtc.c.obj
LOAD CMakeFiles/robocup_ctype.dir/Core/Src/tim.c.obj
LOAD CMakeFiles/robocup_ctype.dir/Core/Src/usart.c.obj
LOAD CMakeFiles/robocup_ctype.dir/Core/Src/stm32f4xx_it.c.obj
LOAD CMakeFiles/robocup_ctype.dir/Core/Src/stm32f4xx_hal_msp.c.obj
LOAD CMakeFiles/robocup_ctype.dir/Core/Src/stm32f4xx_hal_timebase_tim.c.obj
LOAD CMakeFiles/robocup_ctype.dir/Drivers/STM32F4xx_HAL_Driver/Src/stm32f4xx_hal_can.c.obj
LOAD CMakeFiles/robocup_ctype.dir/Drivers/STM32F4xx_HAL_Driver/Src/stm32f4xx_hal_rcc.c.obj
LOAD CMakeFiles/robocup_ctype.dir/Drivers/STM32F4xx_HAL_Driver/Src/stm32f4xx_hal_rcc_ex.c.obj
LOAD CMakeFiles/robocup_ctype.dir/Drivers/STM32F4xx_HAL_Driver/Src/stm32f4xx_hal_flash.c.obj
LOAD CMakeFiles/robocup_ctype.dir/Drivers/STM32F4xx_HAL_Driver/Src/stm32f4xx_hal_flash_ex.c.obj
LOAD CMakeFiles/robocup_ctype.dir/Drivers/STM32F4xx_HAL_Driver/Src/stm32f4xx_hal_flash_ramfunc.c.obj
LOAD CMakeFiles/robocup_ctype.dir/Drivers/STM32F4xx_HAL_Driver/Src/stm32f4xx_hal_gpio.c.obj
LOAD CMakeFiles/robocup_ctype.dir/Drivers/STM32F4xx_HAL_Driver/Src/stm32f4xx_hal_dma_ex.c.obj
LOAD CMakeFiles/robocup_ctype.dir/Drivers/STM32F4xx_HAL_Driver/Src/stm32f4xx_hal_dma.c.obj
LOAD CMakeFiles/robocup_ctype.dir/Drivers/STM32F4xx_HAL_Driver/Src/stm32f4xx_hal_pwr.c.obj
LOAD CMakeFiles/robocup_ctype.dir/Drivers/STM32F4xx_HAL_Driver/Src/stm32f4xx_hal_pwr_ex.c.obj
LOAD CMakeFiles/robocup_ctype.dir/Drivers/STM32F4xx_HAL_Driver/Src/stm32f4xx_hal_cortex.c.obj
LOAD CMakeFiles/robocup_ctype.dir/Drivers/STM32F4xx_HAL_Driver/Src/stm32f4xx_hal.c.obj
LOAD CMakeFiles/robocup_ctype.dir/Drivers/STM32F4xx_HAL_Driver/Src/stm32f4xx_hal_exti.c.obj
LOAD CMakeFiles/robocup_ctype.dir/Drivers/STM32F4xx_HAL_Driver/Src/stm32f4xx_hal_rng.c.obj
LOAD CMakeFiles/robocup_ctype.dir/Drivers/STM32F4xx_HAL_Driver/Src/stm32f4xx_hal_rtc.c.obj
LOAD CMakeFiles/robocup_ctype.dir/Drivers/STM32F4xx_HAL_Driver/Src/stm32f4xx_hal_rtc_ex.c.obj
LOAD CMakeFiles/robocup_ctype.dir/Drivers/STM32F4xx_HAL_Driver/Src/stm32f4xx_hal_tim.c.obj
LOAD CMakeFiles/robocup_ctype.dir/Drivers/STM32F4xx_HAL_Driver/Src/stm32f4xx_hal_tim_ex.c.obj
LOAD CMakeFiles/robocup_ctype.dir/Drivers/STM32F4xx_HAL_Driver/Src/stm32f4xx_hal_uart.c.obj
LOAD CMakeFiles/robocup_ctype.dir/Core/Src/system_stm32f4xx.c.obj
LOAD CMakeFiles/robocup_ctype.dir/Middlewares/Third_Party/FreeRTOS/Source/croutine.c.obj
LOAD CMakeFiles/robocup_ctype.dir/Middlewares/Third_Party/FreeRTOS/Source/event_groups.c.obj
LOAD CMakeFiles/robocup_ctype.dir/Middlewares/Third_Party/FreeRTOS/Source/list.c.obj
LOAD CMakeFiles/robocup_ctype.dir/Middlewares/Third_Party/FreeRTOS/Source/queue.c.obj
LOAD CMakeFiles/robocup_ctype.dir/Middlewares/Third_Party/FreeRTOS/Source/stream_buffer.c.obj
LOAD CMakeFiles/robocup_ctype.dir/Middlewares/Third_Party/FreeRTOS/Source/tasks.c.obj
LOAD CMakeFiles/robocup_ctype.dir/Middlewares/Third_Party/FreeRTOS/Source/timers.c.obj
LOAD CMakeFiles/robocup_ctype.dir/Middlewares/Third_Party/FreeRTOS/Source/CMSIS_RTOS/cmsis_os.c.obj
LOAD CMakeFiles/robocup_ctype.dir/Middlewares/Third_Party/FreeRTOS/Source/portable/MemMang/heap_4.c.obj
LOAD CMakeFiles/robocup_ctype.dir/Middlewares/Third_Party/FreeRTOS/Source/portable/GCC/ARM_CM4F/port.c.obj
LOAD CMakeFiles/robocup_ctype.dir/Core/Src/sysmem.c.obj
LOAD CMakeFiles/robocup_ctype.dir/Core/Src/syscalls.c.obj
LOAD CMakeFiles/robocup_ctype.dir/startup_stm32f407xx.s.obj
LOAD D:/Stm32project/robocup_ctype/cmake/stm32cubemx/../../Middlewares/ST/ARM/DSP/Lib/libarm_cortexM4lf_math.a
START GROUP
LOAD D:/Arm GNU Toolchain arm-none-eabi/13.3 rel1/bin/../lib/gcc/arm-none-eabi/13.3.1/thumb/v7e-m+fp/hard\libgcc.a
LOAD D:/Arm GNU Toolchain arm-none-eabi/13.3 rel1/bin/../lib/gcc/arm-none-eabi/13.3.1/thumb/v7e-m+fp/hard\libg_nano.a
LOAD D:/Arm GNU Toolchain arm-none-eabi/13.3 rel1/bin/../lib/gcc/arm-none-eabi/13.3.1/thumb/v7e-m+fp/hard\libc_nano.a
END GROUP
START GROUP
LOAD D:/Arm GNU Toolchain arm-none-eabi/13.3 rel1/bin/../lib/gcc/arm-none-eabi/13.3.1/thumb/v7e-m+fp/hard\libgcc.a
LOAD D:/Arm GNU Toolchain arm-none-eabi/13.3 rel1/bin/../lib/gcc/arm-none-eabi/13.3.1/thumb/v7e-m+fp/hard\libc_nano.a
END GROUP
LOAD D:/Arm GNU Toolchain arm-none-eabi/13.3 rel1/bin/../lib/gcc/arm-none-eabi/13.3.1/thumb/v7e-m+fp/hard/crtend.o
LOAD D:/Arm GNU Toolchain arm-none-eabi/13.3 rel1/bin/../lib/gcc/arm-none-eabi/13.3.1/thumb/v7e-m+fp/hard/crtn.o
                0x20020000                        _estack = (ORIGIN (RAM) + LENGTH (RAM))
                0x00002000                        _Min_Heap_Size = 0x2000
                0x00004000                        _Min_Stack_Size = 0x4000

.isr_vector     0x08000000      0x188
                0x08000000                        . = ALIGN (0x4)
 *(.isr_vector)
 .isr_vector    0x08000000      0x188 CMakeFiles/robocup_ctype.dir/startup_stm32f407xx.s.obj
                0x08000000                g_pfnVectors
                0x08000188                        . = ALIGN (0x4)

.text           0x08000190     0x974c
                0x08000190                        . = ALIGN (0x4)
 *(.text)
 .text          0x08000190       0x30 D:/Arm GNU Toolchain arm-none-eabi/13.3 rel1/bin/../lib/gcc/arm-none-eabi/13.3.1/thumb/v7e-m+fp/hard\libgcc.a(_aeabi_uldivmod.o)
                0x08000190                __aeabi_uldivmod
 .text          0x080001c0        0x4 D:/Arm GNU Toolchain arm-none-eabi/13.3 rel1/bin/../lib/gcc/arm-none-eabi/13.3.1/thumb/v7e-m+fp/hard\libgcc.a(_dvmd_tls.o)
                0x080001c0                __aeabi_idiv0
                0x080001c0                __aeabi_ldiv0
 .text          0x080001c4       0x14 D:/Arm GNU Toolchain arm-none-eabi/13.3 rel1/bin/../lib/gcc/arm-none-eabi/13.3.1/thumb/v7e-m+fp/hard\libg_nano.a(libc_a-strcmp.o)
                0x080001c4                strcmp
 *(.text*)
 .text.deregister_tm_clones
                0x080001d8       0x1c D:/Arm GNU Toolchain arm-none-eabi/13.3 rel1/bin/../lib/gcc/arm-none-eabi/13.3.1/thumb/v7e-m+fp/hard/crtbegin.o
 .text.register_tm_clones
                0x080001f4       0x24 D:/Arm GNU Toolchain arm-none-eabi/13.3 rel1/bin/../lib/gcc/arm-none-eabi/13.3.1/thumb/v7e-m+fp/hard/crtbegin.o
 .text.__do_global_dtors_aux
                0x08000218       0x28 D:/Arm GNU Toolchain arm-none-eabi/13.3 rel1/bin/../lib/gcc/arm-none-eabi/13.3.1/thumb/v7e-m+fp/hard/crtbegin.o
 .text.frame_dummy
                0x08000240       0x24 D:/Arm GNU Toolchain arm-none-eabi/13.3 rel1/bin/../lib/gcc/arm-none-eabi/13.3.1/thumb/v7e-m+fp/hard/crtbegin.o
 .text.memset   0x08000264       0x10 D:/Arm GNU Toolchain arm-none-eabi/13.3 rel1/bin/../lib/gcc/arm-none-eabi/13.3.1/thumb/v7e-m+fp/hard\libc_nano.a(libc_a-memset.o)
                0x08000264                memset
 .text.__libc_init_array
                0x08000274       0x48 D:/Arm GNU Toolchain arm-none-eabi/13.3 rel1/bin/../lib/gcc/arm-none-eabi/13.3.1/thumb/v7e-m+fp/hard\libc_nano.a(libc_a-init.o)
                0x08000274                __libc_init_array
 .text.__retarget_lock_acquire_recursive
                0x080002bc        0x2 D:/Arm GNU Toolchain arm-none-eabi/13.3 rel1/bin/../lib/gcc/arm-none-eabi/13.3.1/thumb/v7e-m+fp/hard\libc_nano.a(libc_a-lock.o)
                0x080002bc                __retarget_lock_acquire_recursive
 .text.__retarget_lock_release_recursive
                0x080002be        0x2 D:/Arm GNU Toolchain arm-none-eabi/13.3 rel1/bin/../lib/gcc/arm-none-eabi/13.3.1/thumb/v7e-m+fp/hard\libc_nano.a(libc_a-lock.o)
                0x080002be                __retarget_lock_release_recursive
 .text.sbrk_aligned
                0x080002c0       0x44 D:/Arm GNU Toolchain arm-none-eabi/13.3 rel1/bin/../lib/gcc/arm-none-eabi/13.3.1/thumb/v7e-m+fp/hard\libc_nano.a(libc_a-mallocr.o)
 .text._malloc_r
                0x08000304      0x100 D:/Arm GNU Toolchain arm-none-eabi/13.3 rel1/bin/../lib/gcc/arm-none-eabi/13.3.1/thumb/v7e-m+fp/hard\libc_nano.a(libc_a-mallocr.o)
                0x08000304                _malloc_r
 .text.__malloc_lock
                0x08000404        0xc D:/Arm GNU Toolchain arm-none-eabi/13.3 rel1/bin/../lib/gcc/arm-none-eabi/13.3.1/thumb/v7e-m+fp/hard\libc_nano.a(libc_a-mlock.o)
                0x08000404                __malloc_lock
 .text.__malloc_unlock
                0x08000410        0xc D:/Arm GNU Toolchain arm-none-eabi/13.3 rel1/bin/../lib/gcc/arm-none-eabi/13.3.1/thumb/v7e-m+fp/hard\libc_nano.a(libc_a-mlock.o)
                0x08000410                __malloc_unlock
 .text._sbrk_r  0x0800041c       0x20 D:/Arm GNU Toolchain arm-none-eabi/13.3 rel1/bin/../lib/gcc/arm-none-eabi/13.3.1/thumb/v7e-m+fp/hard\libc_nano.a(libc_a-sbrkr.o)
                0x0800041c                _sbrk_r
 .text.DWT_CNT_Update
                0x0800043c       0x5c CMakeFiles/robocup_ctype.dir/Bsp/dwt/bsp_dwt.c.obj
 .text.DWT_Init
                0x08000498       0x88 CMakeFiles/robocup_ctype.dir/Bsp/dwt/bsp_dwt.c.obj
                0x08000498                DWT_Init
 .text.DWT_GetDeltaT
                0x08000520       0x54 CMakeFiles/robocup_ctype.dir/Bsp/dwt/bsp_dwt.c.obj
                0x08000520                DWT_GetDeltaT
 .text.USARTServiceInit
                0x08000574       0x40 CMakeFiles/robocup_ctype.dir/Bsp/usart/bsp_usart.c.obj
                0x08000574                USARTServiceInit
 .text.USARTRegister
                0x080005b4       0xd8 CMakeFiles/robocup_ctype.dir/Bsp/usart/bsp_usart.c.obj
                0x080005b4                USARTRegister
 .text.HAL_UARTEx_RxEventCallback
                0x0800068c       0xc8 CMakeFiles/robocup_ctype.dir/Bsp/usart/bsp_usart.c.obj
                0x0800068c                HAL_UARTEx_RxEventCallback
 .text.HAL_UART_ErrorCallback
                0x08000754       0xb4 CMakeFiles/robocup_ctype.dir/Bsp/usart/bsp_usart.c.obj
                0x08000754                HAL_UART_ErrorCallback
 .text.DaemonRegister
                0x08000808       0x84 CMakeFiles/robocup_ctype.dir/Bsp/daemon/daemon.c.obj
                0x08000808                DaemonRegister
 .text.DaemonReload
                0x0800088c       0x1c CMakeFiles/robocup_ctype.dir/Bsp/daemon/daemon.c.obj
                0x0800088c                DaemonReload
 .text.DaemonTask
                0x080008a8       0x64 CMakeFiles/robocup_ctype.dir/Bsp/daemon/daemon.c.obj
                0x080008a8                DaemonTask
 .text.CANFIFOxCallback
                0x0800090c       0xcc CMakeFiles/robocup_ctype.dir/Bsp/can/bsp_can.c.obj
 .text.HAL_CAN_RxFifo0MsgPendingCallback
                0x080009d8       0x18 CMakeFiles/robocup_ctype.dir/Bsp/can/bsp_can.c.obj
                0x080009d8                HAL_CAN_RxFifo0MsgPendingCallback
 .text.HAL_CAN_RxFifo1MsgPendingCallback
                0x080009f0       0x18 CMakeFiles/robocup_ctype.dir/Bsp/can/bsp_can.c.obj
                0x080009f0                HAL_CAN_RxFifo1MsgPendingCallback
 .text.f_Trapezoid_Intergral
                0x08000a08       0x46 CMakeFiles/robocup_ctype.dir/Modules/Controller/PID.c.obj
 .text.f_Changing_Integration_Rate
                0x08000a4e       0xf8 CMakeFiles/robocup_ctype.dir/Modules/Controller/PID.c.obj
 *fill*         0x08000b46        0x2 
 .text.f_Integral_Limit
                0x08000b48      0x100 CMakeFiles/robocup_ctype.dir/Modules/Controller/PID.c.obj
 .text.f_Derivative_On_Measurement
                0x08000c48       0x3e CMakeFiles/robocup_ctype.dir/Modules/Controller/PID.c.obj
 .text.f_Derivative_Filter
                0x08000c86       0x66 CMakeFiles/robocup_ctype.dir/Modules/Controller/PID.c.obj
 .text.f_Output_Filter
                0x08000cec       0x66 CMakeFiles/robocup_ctype.dir/Modules/Controller/PID.c.obj
 .text.f_Output_Limit
                0x08000d52       0x5e CMakeFiles/robocup_ctype.dir/Modules/Controller/PID.c.obj
 .text.PIDInit  0x08000db0       0x30 CMakeFiles/robocup_ctype.dir/Modules/Controller/PID.c.obj
                0x08000db0                PIDInit
 .text.PIDCalculate
                0x08000de0      0x184 CMakeFiles/robocup_ctype.dir/Modules/Controller/PID.c.obj
                0x08000de0                PIDCalculate
 .text.SetSpeed
                0x08000f64      0x120 CMakeFiles/robocup_ctype.dir/Modules/motor/motor.c.obj
 .text.GetMeassure
                0x08001084       0x6a CMakeFiles/robocup_ctype.dir/Modules/motor/motor.c.obj
 *fill*         0x080010ee        0x2 
 .text.motor_init
                0x080010f0       0xe0 CMakeFiles/robocup_ctype.dir/Modules/motor/motor.c.obj
                0x080010f0                motor_init
 .text.motor_cal
                0x080011d0       0x98 CMakeFiles/robocup_ctype.dir/Modules/motor/motor.c.obj
                0x080011d0                motor_cal
 .text.motor_control
                0x08001268       0xcc CMakeFiles/robocup_ctype.dir/Modules/motor/motor.c.obj
                0x08001268                motor_control
 .text.RectifyRCjoystick
                0x08001334       0x50 CMakeFiles/robocup_ctype.dir/Modules/remote/remote.c.obj
 .text.sbus_to_rc
                0x08001384      0x304 CMakeFiles/robocup_ctype.dir/Modules/remote/remote.c.obj
 .text.RemoteControlRxCallback
                0x08001688       0x24 CMakeFiles/robocup_ctype.dir/Modules/remote/remote.c.obj
 .text.RCLostCallback
                0x080016ac       0x4c CMakeFiles/robocup_ctype.dir/Modules/remote/remote.c.obj
 .text.RemoteControlInit
                0x080016f8       0x70 CMakeFiles/robocup_ctype.dir/Modules/remote/remote.c.obj
                0x080016f8                RemoteControlInit
 .text.CheckName
                0x08001768       0x22 CMakeFiles/robocup_ctype.dir/Modules/message_center/message_center.c.obj
 .text.CheckLen
                0x0800178a       0x28 CMakeFiles/robocup_ctype.dir/Modules/message_center/message_center.c.obj
 *fill*         0x080017b2        0x2 
 .text.PubRegister
                0x080017b4       0x9c CMakeFiles/robocup_ctype.dir/Modules/message_center/message_center.c.obj
                0x080017b4                PubRegister
 .text.SubRegister
                0x08001850       0x90 CMakeFiles/robocup_ctype.dir/Modules/message_center/message_center.c.obj
                0x08001850                SubRegister
 .text.SubGetMessage
                0x080018e0       0x56 CMakeFiles/robocup_ctype.dir/Modules/message_center/message_center.c.obj
                0x080018e0                SubGetMessage
 *fill*         0x08001936        0x2 
 .text.PubPushMessage
                0x08001938       0x84 CMakeFiles/robocup_ctype.dir/Modules/message_center/message_center.c.obj
                0x08001938                PubPushMessage
 .text.VisionOfflineCallback
                0x080019bc       0x20 CMakeFiles/robocup_ctype.dir/Modules/Vision/master_process.c.obj
 .text.DecodeNav
                0x080019dc       0x34 CMakeFiles/robocup_ctype.dir/Modules/Vision/master_process.c.obj
 .text.NavInit  0x08001a10       0x6c CMakeFiles/robocup_ctype.dir/Modules/Vision/master_process.c.obj
                0x08001a10                NavInit
 .text.CRC8_Check_Sum
                0x08001a7c       0x50 CMakeFiles/robocup_ctype.dir/Modules/Vision/seasky_protocol.c.obj
 .text.CRC16_Check_Sum
                0x08001acc       0x68 CMakeFiles/robocup_ctype.dir/Modules/Vision/seasky_protocol.c.obj
 .text.protocol_heade_Check
                0x08001b34       0x7a CMakeFiles/robocup_ctype.dir/Modules/Vision/seasky_protocol.c.obj
 *fill*         0x08001bae        0x2 
 .text.get_protocol_info
                0x08001bb0       0x80 CMakeFiles/robocup_ctype.dir/Modules/Vision/seasky_protocol.c.obj
                0x08001bb0                get_protocol_info
 .text.crc_8    0x08001c30       0x58 CMakeFiles/robocup_ctype.dir/Modules/Crc/crc8.c.obj
                0x08001c30                crc_8
 .text.crc_16   0x08001c88       0x6c CMakeFiles/robocup_ctype.dir/Modules/Crc/crc16.c.obj
                0x08001c88                crc_16
 .text.init_crc16_tab
                0x08001cf4       0x84 CMakeFiles/robocup_ctype.dir/Modules/Crc/crc16.c.obj
                0x08001cf4                init_crc16_tab
 .text._StoreChar
                0x08001d78       0x7c CMakeFiles/robocup_ctype.dir/Middlewares/Third_Party/SEGGER/RTT/SEGGER_RTT_printf.c.obj
 .text._PrintUnsigned
                0x08001df4      0x158 CMakeFiles/robocup_ctype.dir/Middlewares/Third_Party/SEGGER/RTT/SEGGER_RTT_printf.c.obj
 .text._PrintInt
                0x08001f4c      0x14e CMakeFiles/robocup_ctype.dir/Middlewares/Third_Party/SEGGER/RTT/SEGGER_RTT_printf.c.obj
 *fill*         0x0800209a        0x2 
 .text.SEGGER_RTT_vprintf
                0x0800209c      0x3a8 CMakeFiles/robocup_ctype.dir/Middlewares/Third_Party/SEGGER/RTT/SEGGER_RTT_printf.c.obj
                0x0800209c                SEGGER_RTT_vprintf
 .text.SEGGER_RTT_printf
                0x08002444       0x30 CMakeFiles/robocup_ctype.dir/Middlewares/Third_Party/SEGGER/RTT/SEGGER_RTT_printf.c.obj
                0x08002444                SEGGER_RTT_printf
 .text._DoInit  0x08002474       0xb4 CMakeFiles/robocup_ctype.dir/Middlewares/Third_Party/SEGGER/RTT/SEGGER_RTT.c.obj
 .text._WriteBlocking
                0x08002528       0xba CMakeFiles/robocup_ctype.dir/Middlewares/Third_Party/SEGGER/RTT/SEGGER_RTT.c.obj
 .text._WriteNoCheck
                0x080025e2       0x90 CMakeFiles/robocup_ctype.dir/Middlewares/Third_Party/SEGGER/RTT/SEGGER_RTT.c.obj
 .text._GetAvailWriteSpace
                0x08002672       0x46 CMakeFiles/robocup_ctype.dir/Middlewares/Third_Party/SEGGER/RTT/SEGGER_RTT.c.obj
 .text.SEGGER_RTT_WriteNoLock
                0x080026b8       0xa0 CMakeFiles/robocup_ctype.dir/Middlewares/Third_Party/SEGGER/RTT/SEGGER_RTT.c.obj
                0x080026b8                SEGGER_RTT_WriteNoLock
 .text.SEGGER_RTT_Write
                0x08002758       0x4c CMakeFiles/robocup_ctype.dir/Middlewares/Third_Party/SEGGER/RTT/SEGGER_RTT.c.obj
                0x08002758                SEGGER_RTT_Write
 .text.OSTaskInit
                0x080027a4       0x68 CMakeFiles/robocup_ctype.dir/App/Init/init.c.obj
                0x080027a4                OSTaskInit
 .text.StartMOTORTASK
                0x0800280c       0x16 CMakeFiles/robocup_ctype.dir/App/Init/init.c.obj
                0x0800280c                StartMOTORTASK
 .text.StartDAEMONTASK
                0x08002822       0x16 CMakeFiles/robocup_ctype.dir/App/Init/init.c.obj
                0x08002822                StartDAEMONTASK
 .text.V_Init   0x08002838       0x22 CMakeFiles/robocup_ctype.dir/App/Init/init.c.obj
                0x08002838                V_Init
 .text.RobotTask
                0x0800285a       0x14 CMakeFiles/robocup_ctype.dir/App/Init/init.c.obj
                0x0800285a                RobotTask
 *fill*         0x0800286e        0x2 
 .text.car_init
                0x08002870      0x11c CMakeFiles/robocup_ctype.dir/App/Car/car.c.obj
                0x08002870                car_init
 .text.car_task
                0x0800298c       0x78 CMakeFiles/robocup_ctype.dir/App/Car/car.c.obj
                0x0800298c                car_task
 .text.RobotCMDInit
                0x08002a04       0x48 CMakeFiles/robocup_ctype.dir/App/Cmd/cmd.c.obj
                0x08002a04                RobotCMDInit
 .text.RemoteControlSet
                0x08002a4c       0xa8 CMakeFiles/robocup_ctype.dir/App/Cmd/cmd.c.obj
 .text.EmergencyHandler
                0x08002af4        0xe CMakeFiles/robocup_ctype.dir/App/Cmd/cmd.c.obj
 *fill*         0x08002b02        0x2 
 .text.RobotCMDTask
                0x08002b04       0x24 CMakeFiles/robocup_ctype.dir/App/Cmd/cmd.c.obj
                0x08002b04                RobotCMDTask
 .text.main     0x08002b28       0x44 CMakeFiles/robocup_ctype.dir/Core/Src/main.c.obj
                0x08002b28                main
 .text.SystemClock_Config
                0x08002b6c       0xd8 CMakeFiles/robocup_ctype.dir/Core/Src/main.c.obj
                0x08002b6c                SystemClock_Config
 .text.HAL_TIM_PeriodElapsedCallback
                0x08002c44       0x24 CMakeFiles/robocup_ctype.dir/Core/Src/main.c.obj
                0x08002c44                HAL_TIM_PeriodElapsedCallback
 .text.Error_Handler
                0x08002c68        0xc CMakeFiles/robocup_ctype.dir/Core/Src/main.c.obj
                0x08002c68                Error_Handler
 .text.MX_GPIO_Init
                0x08002c74       0xf8 CMakeFiles/robocup_ctype.dir/Core/Src/gpio.c.obj
                0x08002c74                MX_GPIO_Init
 .text.vApplicationGetIdleTaskMemory
                0x08002d6c       0x34 CMakeFiles/robocup_ctype.dir/Core/Src/freertos.c.obj
                0x08002d6c                vApplicationGetIdleTaskMemory
 .text.MX_FREERTOS_Init
                0x08002da0       0x38 CMakeFiles/robocup_ctype.dir/Core/Src/freertos.c.obj
                0x08002da0                MX_FREERTOS_Init
 .text.StartDefaultTask
                0x08002dd8       0x10 CMakeFiles/robocup_ctype.dir/Core/Src/freertos.c.obj
                0x08002dd8                StartDefaultTask
 .text.MX_CAN1_Init
                0x08002de8       0x6c CMakeFiles/robocup_ctype.dir/Core/Src/can.c.obj
                0x08002de8                MX_CAN1_Init
 .text.MX_CAN2_Init
                0x08002e54       0x6c CMakeFiles/robocup_ctype.dir/Core/Src/can.c.obj
                0x08002e54                MX_CAN2_Init
 .text.HAL_CAN_MspInit
                0x08002ec0      0x15c CMakeFiles/robocup_ctype.dir/Core/Src/can.c.obj
                0x08002ec0                HAL_CAN_MspInit
 .text.MX_DMA_Init
                0x0800301c       0x7c CMakeFiles/robocup_ctype.dir/Core/Src/dma.c.obj
                0x0800301c                MX_DMA_Init
 .text.MX_RNG_Init
                0x08003098       0x28 CMakeFiles/robocup_ctype.dir/Core/Src/rng.c.obj
                0x08003098                MX_RNG_Init
 .text.HAL_RNG_MspInit
                0x080030c0       0x44 CMakeFiles/robocup_ctype.dir/Core/Src/rng.c.obj
                0x080030c0                HAL_RNG_MspInit
 .text.MX_RTC_Init
                0x08003104       0x4c CMakeFiles/robocup_ctype.dir/Core/Src/rtc.c.obj
                0x08003104                MX_RTC_Init
 .text.HAL_RTC_MspInit
                0x08003150       0x54 CMakeFiles/robocup_ctype.dir/Core/Src/rtc.c.obj
                0x08003150                HAL_RTC_MspInit
 .text.MX_TIM1_Init
                0x080031a4      0x150 CMakeFiles/robocup_ctype.dir/Core/Src/tim.c.obj
                0x080031a4                MX_TIM1_Init
 .text.MX_TIM8_Init
                0x080032f4      0x120 CMakeFiles/robocup_ctype.dir/Core/Src/tim.c.obj
                0x080032f4                MX_TIM8_Init
 .text.HAL_TIM_PWM_MspInit
                0x08003414       0x7c CMakeFiles/robocup_ctype.dir/Core/Src/tim.c.obj
                0x08003414                HAL_TIM_PWM_MspInit
 .text.HAL_TIM_MspPostInit
                0x08003490       0xc4 CMakeFiles/robocup_ctype.dir/Core/Src/tim.c.obj
                0x08003490                HAL_TIM_MspPostInit
 .text.MX_USART3_UART_Init
                0x08003554       0x58 CMakeFiles/robocup_ctype.dir/Core/Src/usart.c.obj
                0x08003554                MX_USART3_UART_Init
 .text.MX_USART6_UART_Init
                0x080035ac       0x54 CMakeFiles/robocup_ctype.dir/Core/Src/usart.c.obj
                0x080035ac                MX_USART6_UART_Init
 .text.HAL_UART_MspInit
                0x08003600      0x24c CMakeFiles/robocup_ctype.dir/Core/Src/usart.c.obj
                0x08003600                HAL_UART_MspInit
 .text.NMI_Handler
                0x0800384c        0x8 CMakeFiles/robocup_ctype.dir/Core/Src/stm32f4xx_it.c.obj
                0x0800384c                NMI_Handler
 .text.HardFault_Handler
                0x08003854        0x8 CMakeFiles/robocup_ctype.dir/Core/Src/stm32f4xx_it.c.obj
                0x08003854                HardFault_Handler
 .text.MemManage_Handler
                0x0800385c        0x8 CMakeFiles/robocup_ctype.dir/Core/Src/stm32f4xx_it.c.obj
                0x0800385c                MemManage_Handler
 .text.BusFault_Handler
                0x08003864        0x8 CMakeFiles/robocup_ctype.dir/Core/Src/stm32f4xx_it.c.obj
                0x08003864                BusFault_Handler
 .text.UsageFault_Handler
                0x0800386c        0x8 CMakeFiles/robocup_ctype.dir/Core/Src/stm32f4xx_it.c.obj
                0x0800386c                UsageFault_Handler
 .text.DebugMon_Handler
                0x08003874        0xe CMakeFiles/robocup_ctype.dir/Core/Src/stm32f4xx_it.c.obj
                0x08003874                DebugMon_Handler
 *fill*         0x08003882        0x2 
 .text.DMA1_Stream1_IRQHandler
                0x08003884       0x14 CMakeFiles/robocup_ctype.dir/Core/Src/stm32f4xx_it.c.obj
                0x08003884                DMA1_Stream1_IRQHandler
 .text.CAN1_RX0_IRQHandler
                0x08003898       0x14 CMakeFiles/robocup_ctype.dir/Core/Src/stm32f4xx_it.c.obj
                0x08003898                CAN1_RX0_IRQHandler
 .text.CAN1_RX1_IRQHandler
                0x080038ac       0x14 CMakeFiles/robocup_ctype.dir/Core/Src/stm32f4xx_it.c.obj
                0x080038ac                CAN1_RX1_IRQHandler
 .text.USART3_IRQHandler
                0x080038c0       0x14 CMakeFiles/robocup_ctype.dir/Core/Src/stm32f4xx_it.c.obj
                0x080038c0                USART3_IRQHandler
 .text.TIM8_TRG_COM_TIM14_IRQHandler
                0x080038d4       0x1c CMakeFiles/robocup_ctype.dir/Core/Src/stm32f4xx_it.c.obj
                0x080038d4                TIM8_TRG_COM_TIM14_IRQHandler
 .text.DMA2_Stream1_IRQHandler
                0x080038f0       0x14 CMakeFiles/robocup_ctype.dir/Core/Src/stm32f4xx_it.c.obj
                0x080038f0                DMA2_Stream1_IRQHandler
 .text.DMA2_Stream6_IRQHandler
                0x08003904       0x14 CMakeFiles/robocup_ctype.dir/Core/Src/stm32f4xx_it.c.obj
                0x08003904                DMA2_Stream6_IRQHandler
 .text.USART6_IRQHandler
                0x08003918       0x14 CMakeFiles/robocup_ctype.dir/Core/Src/stm32f4xx_it.c.obj
                0x08003918                USART6_IRQHandler
 .text.HAL_MspInit
                0x0800392c       0x58 CMakeFiles/robocup_ctype.dir/Core/Src/stm32f4xx_hal_msp.c.obj
                0x0800392c                HAL_MspInit
 .text.HAL_InitTick
                0x08003984       0xf8 CMakeFiles/robocup_ctype.dir/Core/Src/stm32f4xx_hal_timebase_tim.c.obj
                0x08003984                HAL_InitTick
 .text.HAL_CAN_Init
                0x08003a7c      0x1f6 CMakeFiles/robocup_ctype.dir/Drivers/STM32F4xx_HAL_Driver/Src/stm32f4xx_hal_can.c.obj
                0x08003a7c                HAL_CAN_Init
 .text.HAL_CAN_GetRxMessage
                0x08003c72      0x244 CMakeFiles/robocup_ctype.dir/Drivers/STM32F4xx_HAL_Driver/Src/stm32f4xx_hal_can.c.obj
                0x08003c72                HAL_CAN_GetRxMessage
 .text.HAL_CAN_GetRxFifoFillLevel
                0x08003eb6       0x50 CMakeFiles/robocup_ctype.dir/Drivers/STM32F4xx_HAL_Driver/Src/stm32f4xx_hal_can.c.obj
                0x08003eb6                HAL_CAN_GetRxFifoFillLevel
 .text.HAL_CAN_IRQHandler
                0x08003f06      0x36e CMakeFiles/robocup_ctype.dir/Drivers/STM32F4xx_HAL_Driver/Src/stm32f4xx_hal_can.c.obj
                0x08003f06                HAL_CAN_IRQHandler
 .text.HAL_CAN_TxMailbox0CompleteCallback
                0x08004274       0x14 CMakeFiles/robocup_ctype.dir/Drivers/STM32F4xx_HAL_Driver/Src/stm32f4xx_hal_can.c.obj
                0x08004274                HAL_CAN_TxMailbox0CompleteCallback
 .text.HAL_CAN_TxMailbox1CompleteCallback
                0x08004288       0x14 CMakeFiles/robocup_ctype.dir/Drivers/STM32F4xx_HAL_Driver/Src/stm32f4xx_hal_can.c.obj
                0x08004288                HAL_CAN_TxMailbox1CompleteCallback
 .text.HAL_CAN_TxMailbox2CompleteCallback
                0x0800429c       0x14 CMakeFiles/robocup_ctype.dir/Drivers/STM32F4xx_HAL_Driver/Src/stm32f4xx_hal_can.c.obj
                0x0800429c                HAL_CAN_TxMailbox2CompleteCallback
 .text.HAL_CAN_TxMailbox0AbortCallback
                0x080042b0       0x14 CMakeFiles/robocup_ctype.dir/Drivers/STM32F4xx_HAL_Driver/Src/stm32f4xx_hal_can.c.obj
                0x080042b0                HAL_CAN_TxMailbox0AbortCallback
 .text.HAL_CAN_TxMailbox1AbortCallback
                0x080042c4       0x14 CMakeFiles/robocup_ctype.dir/Drivers/STM32F4xx_HAL_Driver/Src/stm32f4xx_hal_can.c.obj
                0x080042c4                HAL_CAN_TxMailbox1AbortCallback
 .text.HAL_CAN_TxMailbox2AbortCallback
                0x080042d8       0x14 CMakeFiles/robocup_ctype.dir/Drivers/STM32F4xx_HAL_Driver/Src/stm32f4xx_hal_can.c.obj
                0x080042d8                HAL_CAN_TxMailbox2AbortCallback
 .text.HAL_CAN_RxFifo0FullCallback
                0x080042ec       0x14 CMakeFiles/robocup_ctype.dir/Drivers/STM32F4xx_HAL_Driver/Src/stm32f4xx_hal_can.c.obj
                0x080042ec                HAL_CAN_RxFifo0FullCallback
 .text.HAL_CAN_RxFifo1FullCallback
                0x08004300       0x14 CMakeFiles/robocup_ctype.dir/Drivers/STM32F4xx_HAL_Driver/Src/stm32f4xx_hal_can.c.obj
                0x08004300                HAL_CAN_RxFifo1FullCallback
 .text.HAL_CAN_SleepCallback
                0x08004314       0x14 CMakeFiles/robocup_ctype.dir/Drivers/STM32F4xx_HAL_Driver/Src/stm32f4xx_hal_can.c.obj
                0x08004314                HAL_CAN_SleepCallback
 .text.HAL_CAN_WakeUpFromRxMsgCallback
                0x08004328       0x14 CMakeFiles/robocup_ctype.dir/Drivers/STM32F4xx_HAL_Driver/Src/stm32f4xx_hal_can.c.obj
                0x08004328                HAL_CAN_WakeUpFromRxMsgCallback
 .text.HAL_CAN_ErrorCallback
                0x0800433c       0x14 CMakeFiles/robocup_ctype.dir/Drivers/STM32F4xx_HAL_Driver/Src/stm32f4xx_hal_can.c.obj
                0x0800433c                HAL_CAN_ErrorCallback
 .text.HAL_RCC_OscConfig
                0x08004350      0x4f0 CMakeFiles/robocup_ctype.dir/Drivers/STM32F4xx_HAL_Driver/Src/stm32f4xx_hal_rcc.c.obj
                0x08004350                HAL_RCC_OscConfig
 .text.HAL_RCC_ClockConfig
                0x08004840      0x1cc CMakeFiles/robocup_ctype.dir/Drivers/STM32F4xx_HAL_Driver/Src/stm32f4xx_hal_rcc.c.obj
                0x08004840                HAL_RCC_ClockConfig
 .text.HAL_RCC_GetSysClockFreq
                0x08004a0c      0x18c CMakeFiles/robocup_ctype.dir/Drivers/STM32F4xx_HAL_Driver/Src/stm32f4xx_hal_rcc.c.obj
                0x08004a0c                HAL_RCC_GetSysClockFreq
 .text.HAL_RCC_GetHCLKFreq
                0x08004b98       0x18 CMakeFiles/robocup_ctype.dir/Drivers/STM32F4xx_HAL_Driver/Src/stm32f4xx_hal_rcc.c.obj
                0x08004b98                HAL_RCC_GetHCLKFreq
 .text.HAL_RCC_GetPCLK1Freq
                0x08004bb0       0x28 CMakeFiles/robocup_ctype.dir/Drivers/STM32F4xx_HAL_Driver/Src/stm32f4xx_hal_rcc.c.obj
                0x08004bb0                HAL_RCC_GetPCLK1Freq
 .text.HAL_RCC_GetPCLK2Freq
                0x08004bd8       0x28 CMakeFiles/robocup_ctype.dir/Drivers/STM32F4xx_HAL_Driver/Src/stm32f4xx_hal_rcc.c.obj
                0x08004bd8                HAL_RCC_GetPCLK2Freq
 .text.HAL_RCC_GetClockConfig
                0x08004c00       0x64 CMakeFiles/robocup_ctype.dir/Drivers/STM32F4xx_HAL_Driver/Src/stm32f4xx_hal_rcc.c.obj
                0x08004c00                HAL_RCC_GetClockConfig
 .text.HAL_RCCEx_PeriphCLKConfig
                0x08004c64      0x1c4 CMakeFiles/robocup_ctype.dir/Drivers/STM32F4xx_HAL_Driver/Src/stm32f4xx_hal_rcc_ex.c.obj
                0x08004c64                HAL_RCCEx_PeriphCLKConfig
 .text.HAL_GPIO_Init
                0x08004e28      0x338 CMakeFiles/robocup_ctype.dir/Drivers/STM32F4xx_HAL_Driver/Src/stm32f4xx_hal_gpio.c.obj
                0x08004e28                HAL_GPIO_Init
 .text.HAL_GPIO_WritePin
                0x08005160       0x32 CMakeFiles/robocup_ctype.dir/Drivers/STM32F4xx_HAL_Driver/Src/stm32f4xx_hal_gpio.c.obj
                0x08005160                HAL_GPIO_WritePin
 *fill*         0x08005192        0x2 
 .text.HAL_DMA_Init
                0x08005194      0x15c CMakeFiles/robocup_ctype.dir/Drivers/STM32F4xx_HAL_Driver/Src/stm32f4xx_hal_dma.c.obj
                0x08005194                HAL_DMA_Init
 .text.HAL_DMA_Start_IT
                0x080052f0       0xb0 CMakeFiles/robocup_ctype.dir/Drivers/STM32F4xx_HAL_Driver/Src/stm32f4xx_hal_dma.c.obj
                0x080052f0                HAL_DMA_Start_IT
 .text.HAL_DMA_Abort
                0x080053a0       0xe0 CMakeFiles/robocup_ctype.dir/Drivers/STM32F4xx_HAL_Driver/Src/stm32f4xx_hal_dma.c.obj
                0x080053a0                HAL_DMA_Abort
 .text.HAL_DMA_Abort_IT
                0x08005480       0x44 CMakeFiles/robocup_ctype.dir/Drivers/STM32F4xx_HAL_Driver/Src/stm32f4xx_hal_dma.c.obj
                0x08005480                HAL_DMA_Abort_IT
 .text.HAL_DMA_IRQHandler
                0x080054c4      0x314 CMakeFiles/robocup_ctype.dir/Drivers/STM32F4xx_HAL_Driver/Src/stm32f4xx_hal_dma.c.obj
                0x080054c4                HAL_DMA_IRQHandler
 .text.DMA_SetConfig
                0x080057d8       0x5c CMakeFiles/robocup_ctype.dir/Drivers/STM32F4xx_HAL_Driver/Src/stm32f4xx_hal_dma.c.obj
 .text.DMA_CalcBaseAndBitshift
                0x08005834       0x6c CMakeFiles/robocup_ctype.dir/Drivers/STM32F4xx_HAL_Driver/Src/stm32f4xx_hal_dma.c.obj
 .text.DMA_CheckFifoParam
                0x080058a0       0xf8 CMakeFiles/robocup_ctype.dir/Drivers/STM32F4xx_HAL_Driver/Src/stm32f4xx_hal_dma.c.obj
 .text.__NVIC_SetPriorityGrouping
                0x08005998       0x48 CMakeFiles/robocup_ctype.dir/Drivers/STM32F4xx_HAL_Driver/Src/stm32f4xx_hal_cortex.c.obj
 .text.__NVIC_GetPriorityGrouping
                0x080059e0       0x1c CMakeFiles/robocup_ctype.dir/Drivers/STM32F4xx_HAL_Driver/Src/stm32f4xx_hal_cortex.c.obj
 .text.__NVIC_EnableIRQ
                0x080059fc       0x3c CMakeFiles/robocup_ctype.dir/Drivers/STM32F4xx_HAL_Driver/Src/stm32f4xx_hal_cortex.c.obj
 .text.__NVIC_SetPriority
                0x08005a38       0x54 CMakeFiles/robocup_ctype.dir/Drivers/STM32F4xx_HAL_Driver/Src/stm32f4xx_hal_cortex.c.obj
 .text.NVIC_EncodePriority
                0x08005a8c       0x66 CMakeFiles/robocup_ctype.dir/Drivers/STM32F4xx_HAL_Driver/Src/stm32f4xx_hal_cortex.c.obj
 .text.HAL_NVIC_SetPriorityGrouping
                0x08005af2       0x16 CMakeFiles/robocup_ctype.dir/Drivers/STM32F4xx_HAL_Driver/Src/stm32f4xx_hal_cortex.c.obj
                0x08005af2                HAL_NVIC_SetPriorityGrouping
 .text.HAL_NVIC_SetPriority
                0x08005b08       0x38 CMakeFiles/robocup_ctype.dir/Drivers/STM32F4xx_HAL_Driver/Src/stm32f4xx_hal_cortex.c.obj
                0x08005b08                HAL_NVIC_SetPriority
 .text.HAL_NVIC_EnableIRQ
                0x08005b40       0x1c CMakeFiles/robocup_ctype.dir/Drivers/STM32F4xx_HAL_Driver/Src/stm32f4xx_hal_cortex.c.obj
                0x08005b40                HAL_NVIC_EnableIRQ
 .text.HAL_Init
                0x08005b5c       0x44 CMakeFiles/robocup_ctype.dir/Drivers/STM32F4xx_HAL_Driver/Src/stm32f4xx_hal.c.obj
                0x08005b5c                HAL_Init
 .text.HAL_IncTick
                0x08005ba0       0x28 CMakeFiles/robocup_ctype.dir/Drivers/STM32F4xx_HAL_Driver/Src/stm32f4xx_hal.c.obj
                0x08005ba0                HAL_IncTick
 .text.HAL_GetTick
                0x08005bc8       0x18 CMakeFiles/robocup_ctype.dir/Drivers/STM32F4xx_HAL_Driver/Src/stm32f4xx_hal.c.obj
                0x08005bc8                HAL_GetTick
 .text.HAL_RNG_Init
                0x08005be0       0x54 CMakeFiles/robocup_ctype.dir/Drivers/STM32F4xx_HAL_Driver/Src/stm32f4xx_hal_rng.c.obj
                0x08005be0                HAL_RNG_Init
 .text.HAL_RTC_Init
                0x08005c34      0x106 CMakeFiles/robocup_ctype.dir/Drivers/STM32F4xx_HAL_Driver/Src/stm32f4xx_hal_rtc.c.obj
                0x08005c34                HAL_RTC_Init
 *fill*         0x08005d3a        0x2 
 .text.HAL_RTC_WaitForSynchro
                0x08005d3c       0x4c CMakeFiles/robocup_ctype.dir/Drivers/STM32F4xx_HAL_Driver/Src/stm32f4xx_hal_rtc.c.obj
                0x08005d3c                HAL_RTC_WaitForSynchro
 .text.RTC_EnterInitMode
                0x08005d88       0x6e CMakeFiles/robocup_ctype.dir/Drivers/STM32F4xx_HAL_Driver/Src/stm32f4xx_hal_rtc.c.obj
                0x08005d88                RTC_EnterInitMode
 .text.RTC_ExitInitMode
                0x08005df6       0x4a CMakeFiles/robocup_ctype.dir/Drivers/STM32F4xx_HAL_Driver/Src/stm32f4xx_hal_rtc.c.obj
                0x08005df6                RTC_ExitInitMode
 .text.HAL_TIM_Base_Init
                0x08005e40       0x9e CMakeFiles/robocup_ctype.dir/Drivers/STM32F4xx_HAL_Driver/Src/stm32f4xx_hal_tim.c.obj
                0x08005e40                HAL_TIM_Base_Init
 .text.HAL_TIM_Base_MspInit
                0x08005ede       0x14 CMakeFiles/robocup_ctype.dir/Drivers/STM32F4xx_HAL_Driver/Src/stm32f4xx_hal_tim.c.obj
                0x08005ede                HAL_TIM_Base_MspInit
 *fill*         0x08005ef2        0x2 
 .text.HAL_TIM_Base_Start_IT
                0x08005ef4       0xe0 CMakeFiles/robocup_ctype.dir/Drivers/STM32F4xx_HAL_Driver/Src/stm32f4xx_hal_tim.c.obj
                0x08005ef4                HAL_TIM_Base_Start_IT
 .text.HAL_TIM_PWM_Init
                0x08005fd4       0x9e CMakeFiles/robocup_ctype.dir/Drivers/STM32F4xx_HAL_Driver/Src/stm32f4xx_hal_tim.c.obj
                0x08005fd4                HAL_TIM_PWM_Init
 *fill*         0x08006072        0x2 
 .text.HAL_TIM_PWM_Start
                0x08006074      0x190 CMakeFiles/robocup_ctype.dir/Drivers/STM32F4xx_HAL_Driver/Src/stm32f4xx_hal_tim.c.obj
                0x08006074                HAL_TIM_PWM_Start
 .text.HAL_TIM_Encoder_Start
                0x08006204      0x11c CMakeFiles/robocup_ctype.dir/Drivers/STM32F4xx_HAL_Driver/Src/stm32f4xx_hal_tim.c.obj
                0x08006204                HAL_TIM_Encoder_Start
 .text.HAL_TIM_IRQHandler
                0x08006320      0x1e0 CMakeFiles/robocup_ctype.dir/Drivers/STM32F4xx_HAL_Driver/Src/stm32f4xx_hal_tim.c.obj
                0x08006320                HAL_TIM_IRQHandler
 .text.HAL_TIM_PWM_ConfigChannel
                0x08006500      0x184 CMakeFiles/robocup_ctype.dir/Drivers/STM32F4xx_HAL_Driver/Src/stm32f4xx_hal_tim.c.obj
                0x08006500                HAL_TIM_PWM_ConfigChannel
 .text.HAL_TIM_OC_DelayElapsedCallback
                0x08006684       0x14 CMakeFiles/robocup_ctype.dir/Drivers/STM32F4xx_HAL_Driver/Src/stm32f4xx_hal_tim.c.obj
                0x08006684                HAL_TIM_OC_DelayElapsedCallback
 .text.HAL_TIM_IC_CaptureCallback
                0x08006698       0x14 CMakeFiles/robocup_ctype.dir/Drivers/STM32F4xx_HAL_Driver/Src/stm32f4xx_hal_tim.c.obj
                0x08006698                HAL_TIM_IC_CaptureCallback
 .text.HAL_TIM_PWM_PulseFinishedCallback
                0x080066ac       0x14 CMakeFiles/robocup_ctype.dir/Drivers/STM32F4xx_HAL_Driver/Src/stm32f4xx_hal_tim.c.obj
                0x080066ac                HAL_TIM_PWM_PulseFinishedCallback
 .text.HAL_TIM_TriggerCallback
                0x080066c0       0x14 CMakeFiles/robocup_ctype.dir/Drivers/STM32F4xx_HAL_Driver/Src/stm32f4xx_hal_tim.c.obj
                0x080066c0                HAL_TIM_TriggerCallback
 .text.TIM_Base_SetConfig
                0x080066d4      0x158 CMakeFiles/robocup_ctype.dir/Drivers/STM32F4xx_HAL_Driver/Src/stm32f4xx_hal_tim.c.obj
                0x080066d4                TIM_Base_SetConfig
 .text.TIM_OC1_SetConfig
                0x0800682c       0xe0 CMakeFiles/robocup_ctype.dir/Drivers/STM32F4xx_HAL_Driver/Src/stm32f4xx_hal_tim.c.obj
 .text.TIM_OC2_SetConfig
                0x0800690c       0xec CMakeFiles/robocup_ctype.dir/Drivers/STM32F4xx_HAL_Driver/Src/stm32f4xx_hal_tim.c.obj
                0x0800690c                TIM_OC2_SetConfig
 .text.TIM_OC3_SetConfig
                0x080069f8       0xe8 CMakeFiles/robocup_ctype.dir/Drivers/STM32F4xx_HAL_Driver/Src/stm32f4xx_hal_tim.c.obj
 .text.TIM_OC4_SetConfig
                0x08006ae0       0xac CMakeFiles/robocup_ctype.dir/Drivers/STM32F4xx_HAL_Driver/Src/stm32f4xx_hal_tim.c.obj
 .text.TIM_CCxChannelCmd
                0x08006b8c       0x4a CMakeFiles/robocup_ctype.dir/Drivers/STM32F4xx_HAL_Driver/Src/stm32f4xx_hal_tim.c.obj
                0x08006b8c                TIM_CCxChannelCmd
 *fill*         0x08006bd6        0x2 
 .text.HAL_TIMEx_MasterConfigSynchronization
                0x08006bd8       0xf8 CMakeFiles/robocup_ctype.dir/Drivers/STM32F4xx_HAL_Driver/Src/stm32f4xx_hal_tim_ex.c.obj
                0x08006bd8                HAL_TIMEx_MasterConfigSynchronization
 .text.HAL_TIMEx_ConfigBreakDeadTime
                0x08006cd0       0xa4 CMakeFiles/robocup_ctype.dir/Drivers/STM32F4xx_HAL_Driver/Src/stm32f4xx_hal_tim_ex.c.obj
                0x08006cd0                HAL_TIMEx_ConfigBreakDeadTime
 .text.HAL_TIMEx_CommutCallback
                0x08006d74       0x14 CMakeFiles/robocup_ctype.dir/Drivers/STM32F4xx_HAL_Driver/Src/stm32f4xx_hal_tim_ex.c.obj
                0x08006d74                HAL_TIMEx_CommutCallback
 .text.HAL_TIMEx_BreakCallback
                0x08006d88       0x14 CMakeFiles/robocup_ctype.dir/Drivers/STM32F4xx_HAL_Driver/Src/stm32f4xx_hal_tim_ex.c.obj
                0x08006d88                HAL_TIMEx_BreakCallback
 .text.HAL_UART_Init
                0x08006d9c       0xa0 CMakeFiles/robocup_ctype.dir/Drivers/STM32F4xx_HAL_Driver/Src/stm32f4xx_hal_uart.c.obj
                0x08006d9c                HAL_UART_Init
 .text.HAL_UARTEx_ReceiveToIdle_DMA
                0x08006e3c       0xba CMakeFiles/robocup_ctype.dir/Drivers/STM32F4xx_HAL_Driver/Src/stm32f4xx_hal_uart.c.obj
                0x08006e3c                HAL_UARTEx_ReceiveToIdle_DMA
 *fill*         0x08006ef6        0x2 
 .text.HAL_UART_IRQHandler
                0x08006ef8      0x524 CMakeFiles/robocup_ctype.dir/Drivers/STM32F4xx_HAL_Driver/Src/stm32f4xx_hal_uart.c.obj
                0x08006ef8                HAL_UART_IRQHandler
 .text.HAL_UART_TxCpltCallback
                0x0800741c       0x14 CMakeFiles/robocup_ctype.dir/Drivers/STM32F4xx_HAL_Driver/Src/stm32f4xx_hal_uart.c.obj
                0x0800741c                HAL_UART_TxCpltCallback
 .text.HAL_UART_RxCpltCallback
                0x08007430       0x14 CMakeFiles/robocup_ctype.dir/Drivers/STM32F4xx_HAL_Driver/Src/stm32f4xx_hal_uart.c.obj
                0x08007430                HAL_UART_RxCpltCallback
 .text.HAL_UART_RxHalfCpltCallback
                0x08007444       0x14 CMakeFiles/robocup_ctype.dir/Drivers/STM32F4xx_HAL_Driver/Src/stm32f4xx_hal_uart.c.obj
                0x08007444                HAL_UART_RxHalfCpltCallback
 .text.UART_DMAReceiveCplt
                0x08007458      0x12c CMakeFiles/robocup_ctype.dir/Drivers/STM32F4xx_HAL_Driver/Src/stm32f4xx_hal_uart.c.obj
 .text.UART_DMARxHalfCplt
                0x08007584       0x3c CMakeFiles/robocup_ctype.dir/Drivers/STM32F4xx_HAL_Driver/Src/stm32f4xx_hal_uart.c.obj
 .text.UART_DMAError
                0x080075c0       0x94 CMakeFiles/robocup_ctype.dir/Drivers/STM32F4xx_HAL_Driver/Src/stm32f4xx_hal_uart.c.obj
 .text.UART_Start_Receive_DMA
                0x08007654      0x134 CMakeFiles/robocup_ctype.dir/Drivers/STM32F4xx_HAL_Driver/Src/stm32f4xx_hal_uart.c.obj
                0x08007654                UART_Start_Receive_DMA
 .text.UART_EndTxTransfer
                0x08007788       0x50 CMakeFiles/robocup_ctype.dir/Drivers/STM32F4xx_HAL_Driver/Src/stm32f4xx_hal_uart.c.obj
 .text.UART_EndRxTransfer
                0x080077d8       0xc6 CMakeFiles/robocup_ctype.dir/Drivers/STM32F4xx_HAL_Driver/Src/stm32f4xx_hal_uart.c.obj
 .text.UART_DMAAbortOnError
                0x0800789e       0x28 CMakeFiles/robocup_ctype.dir/Drivers/STM32F4xx_HAL_Driver/Src/stm32f4xx_hal_uart.c.obj
 .text.UART_Transmit_IT
                0x080078c6       0xa0 CMakeFiles/robocup_ctype.dir/Drivers/STM32F4xx_HAL_Driver/Src/stm32f4xx_hal_uart.c.obj
 .text.UART_EndTransmit_IT
                0x08007966       0x30 CMakeFiles/robocup_ctype.dir/Drivers/STM32F4xx_HAL_Driver/Src/stm32f4xx_hal_uart.c.obj
 .text.UART_Receive_IT
                0x08007996      0x17c CMakeFiles/robocup_ctype.dir/Drivers/STM32F4xx_HAL_Driver/Src/stm32f4xx_hal_uart.c.obj
 *fill*         0x08007b12        0x2 
 .text.UART_SetConfig
                0x08007b14      0x4e8 CMakeFiles/robocup_ctype.dir/Drivers/STM32F4xx_HAL_Driver/Src/stm32f4xx_hal_uart.c.obj
 .text.SystemInit
                0x08007ffc       0x24 CMakeFiles/robocup_ctype.dir/Core/Src/system_stm32f4xx.c.obj
                0x08007ffc                SystemInit
 .text.vListInitialise
                0x08008020       0x40 CMakeFiles/robocup_ctype.dir/Middlewares/Third_Party/FreeRTOS/Source/list.c.obj
                0x08008020                vListInitialise
 .text.vListInitialiseItem
                0x08008060       0x1a CMakeFiles/robocup_ctype.dir/Middlewares/Third_Party/FreeRTOS/Source/list.c.obj
                0x08008060                vListInitialiseItem
 .text.vListInsertEnd
                0x0800807a       0x48 CMakeFiles/robocup_ctype.dir/Middlewares/Third_Party/FreeRTOS/Source/list.c.obj
                0x0800807a                vListInsertEnd
 .text.vListInsert
                0x080080c2       0x72 CMakeFiles/robocup_ctype.dir/Middlewares/Third_Party/FreeRTOS/Source/list.c.obj
                0x080080c2                vListInsert
 .text.uxListRemove
                0x08008134       0x54 CMakeFiles/robocup_ctype.dir/Middlewares/Third_Party/FreeRTOS/Source/list.c.obj
                0x08008134                uxListRemove
 .text.xTaskCreateStatic
                0x08008188       0xc0 CMakeFiles/robocup_ctype.dir/Middlewares/Third_Party/FreeRTOS/Source/tasks.c.obj
                0x08008188                xTaskCreateStatic
 .text.xTaskCreate
                0x08008248       0x8a CMakeFiles/robocup_ctype.dir/Middlewares/Third_Party/FreeRTOS/Source/tasks.c.obj
                0x08008248                xTaskCreate
 .text.prvInitialiseNewTask
                0x080082d2      0x110 CMakeFiles/robocup_ctype.dir/Middlewares/Third_Party/FreeRTOS/Source/tasks.c.obj
 *fill*         0x080083e2        0x2 
 .text.prvAddNewTaskToReadyList
                0x080083e4       0xd4 CMakeFiles/robocup_ctype.dir/Middlewares/Third_Party/FreeRTOS/Source/tasks.c.obj
 .text.vTaskDelay
                0x080084b8       0x6c CMakeFiles/robocup_ctype.dir/Middlewares/Third_Party/FreeRTOS/Source/tasks.c.obj
                0x080084b8                vTaskDelay
 .text.vTaskStartScheduler
                0x08008524       0xc4 CMakeFiles/robocup_ctype.dir/Middlewares/Third_Party/FreeRTOS/Source/tasks.c.obj
                0x08008524                vTaskStartScheduler
 .text.vTaskSuspendAll
                0x080085e8       0x1c CMakeFiles/robocup_ctype.dir/Middlewares/Third_Party/FreeRTOS/Source/tasks.c.obj
                0x080085e8                vTaskSuspendAll
 .text.xTaskResumeAll
                0x08008604      0x13c CMakeFiles/robocup_ctype.dir/Middlewares/Third_Party/FreeRTOS/Source/tasks.c.obj
                0x08008604                xTaskResumeAll
 .text.xTaskIncrementTick
                0x08008740      0x174 CMakeFiles/robocup_ctype.dir/Middlewares/Third_Party/FreeRTOS/Source/tasks.c.obj
                0x08008740                xTaskIncrementTick
 .text.vTaskSwitchContext
                0x080088b4       0xb8 CMakeFiles/robocup_ctype.dir/Middlewares/Third_Party/FreeRTOS/Source/tasks.c.obj
                0x080088b4                vTaskSwitchContext
 .text.prvIdleTask
                0x0800896c       0x30 CMakeFiles/robocup_ctype.dir/Middlewares/Third_Party/FreeRTOS/Source/tasks.c.obj
 .text.prvInitialiseTaskLists
                0x0800899c       0x80 CMakeFiles/robocup_ctype.dir/Middlewares/Third_Party/FreeRTOS/Source/tasks.c.obj
 .text.prvCheckTasksWaitingTermination
                0x08008a1c       0x5c CMakeFiles/robocup_ctype.dir/Middlewares/Third_Party/FreeRTOS/Source/tasks.c.obj
 .text.prvDeleteTCB
                0x08008a78       0x60 CMakeFiles/robocup_ctype.dir/Middlewares/Third_Party/FreeRTOS/Source/tasks.c.obj
 .text.prvResetNextTaskUnblockTime
                0x08008ad8       0x40 CMakeFiles/robocup_ctype.dir/Middlewares/Third_Party/FreeRTOS/Source/tasks.c.obj
 .text.prvAddCurrentTaskToDelayedList
                0x08008b18       0xcc CMakeFiles/robocup_ctype.dir/Middlewares/Third_Party/FreeRTOS/Source/tasks.c.obj
 .text.makeFreeRtosPriority
                0x08008be4       0x30 CMakeFiles/robocup_ctype.dir/Middlewares/Third_Party/FreeRTOS/Source/CMSIS_RTOS/cmsis_os.c.obj
 .text.osKernelStart
                0x08008c14        0xe CMakeFiles/robocup_ctype.dir/Middlewares/Third_Party/FreeRTOS/Source/CMSIS_RTOS/cmsis_os.c.obj
                0x08008c14                osKernelStart
 .text.osThreadCreate
                0x08008c22       0x98 CMakeFiles/robocup_ctype.dir/Middlewares/Third_Party/FreeRTOS/Source/CMSIS_RTOS/cmsis_os.c.obj
                0x08008c22                osThreadCreate
 .text.osDelay  0x08008cba       0x28 CMakeFiles/robocup_ctype.dir/Middlewares/Third_Party/FreeRTOS/Source/CMSIS_RTOS/cmsis_os.c.obj
                0x08008cba                osDelay
 *fill*         0x08008ce2        0x2 
 .text.pvPortMalloc
                0x08008ce4      0x19c CMakeFiles/robocup_ctype.dir/Middlewares/Third_Party/FreeRTOS/Source/portable/MemMang/heap_4.c.obj
                0x08008ce4                pvPortMalloc
 .text.vPortFree
                0x08008e80       0xc8 CMakeFiles/robocup_ctype.dir/Middlewares/Third_Party/FreeRTOS/Source/portable/MemMang/heap_4.c.obj
                0x08008e80                vPortFree
 .text.prvHeapInit
                0x08008f48       0xc4 CMakeFiles/robocup_ctype.dir/Middlewares/Third_Party/FreeRTOS/Source/portable/MemMang/heap_4.c.obj
 .text.prvInsertBlockIntoFreeList
                0x0800900c       0xb4 CMakeFiles/robocup_ctype.dir/Middlewares/Third_Party/FreeRTOS/Source/portable/MemMang/heap_4.c.obj
 .text.pxPortInitialiseStack
                0x080090c0       0x68 CMakeFiles/robocup_ctype.dir/Middlewares/Third_Party/FreeRTOS/Source/portable/GCC/ARM_CM4F/port.c.obj
                0x080090c0                pxPortInitialiseStack
 .text.prvTaskExitError
                0x08009128       0x5c CMakeFiles/robocup_ctype.dir/Middlewares/Third_Party/FreeRTOS/Source/portable/GCC/ARM_CM4F/port.c.obj
 *fill*         0x08009184        0xc 
 .text.SVC_Handler
                0x08009190       0x28 CMakeFiles/robocup_ctype.dir/Middlewares/Third_Party/FreeRTOS/Source/portable/GCC/ARM_CM4F/port.c.obj
                0x08009190                SVC_Handler
 .text.prvPortStartFirstTask
                0x080091b8       0x28 CMakeFiles/robocup_ctype.dir/Middlewares/Third_Party/FreeRTOS/Source/portable/GCC/ARM_CM4F/port.c.obj
 .text.xPortStartScheduler
                0x080091e0      0x148 CMakeFiles/robocup_ctype.dir/Middlewares/Third_Party/FreeRTOS/Source/portable/GCC/ARM_CM4F/port.c.obj
                0x080091e0                xPortStartScheduler
 .text.vPortEnterCritical
                0x08009328       0x64 CMakeFiles/robocup_ctype.dir/Middlewares/Third_Party/FreeRTOS/Source/portable/GCC/ARM_CM4F/port.c.obj
                0x08009328                vPortEnterCritical
 .text.vPortExitCritical
                0x0800938c       0x54 CMakeFiles/robocup_ctype.dir/Middlewares/Third_Party/FreeRTOS/Source/portable/GCC/ARM_CM4F/port.c.obj
                0x0800938c                vPortExitCritical
 .text.PendSV_Handler
                0x080093e0       0x68 CMakeFiles/robocup_ctype.dir/Middlewares/Third_Party/FreeRTOS/Source/portable/GCC/ARM_CM4F/port.c.obj
                0x080093e0                PendSV_Handler
 .text.SysTick_Handler
                0x08009448       0x44 CMakeFiles/robocup_ctype.dir/Middlewares/Third_Party/FreeRTOS/Source/portable/GCC/ARM_CM4F/port.c.obj
                0x08009448                SysTick_Handler
 .text.vPortSetupTimerInterrupt
                0x0800948c       0x48 CMakeFiles/robocup_ctype.dir/Middlewares/Third_Party/FreeRTOS/Source/portable/GCC/ARM_CM4F/port.c.obj
                0x0800948c                vPortSetupTimerInterrupt
 .text.vPortEnableVFP
                0x080094d4       0x14 CMakeFiles/robocup_ctype.dir/Middlewares/Third_Party/FreeRTOS/Source/portable/GCC/ARM_CM4F/port.c.obj
 .text._sbrk    0x080094e8       0x6c CMakeFiles/robocup_ctype.dir/Core/Src/sysmem.c.obj
                0x080094e8                _sbrk
 .text.Reset_Handler
                0x08009554       0x50 CMakeFiles/robocup_ctype.dir/startup_stm32f407xx.s.obj
                0x08009554                Reset_Handler
 .text.Default_Handler
                0x080095a4        0x2 CMakeFiles/robocup_ctype.dir/startup_stm32f407xx.s.obj
                0x080095a4                RTC_Alarm_IRQHandler
                0x080095a4                HASH_RNG_IRQHandler
                0x080095a4                EXTI2_IRQHandler
                0x080095a4                TIM8_CC_IRQHandler
                0x080095a4                TIM1_CC_IRQHandler
                0x080095a4                DMA2_Stream5_IRQHandler
                0x080095a4                DMA1_Stream5_IRQHandler
                0x080095a4                PVD_IRQHandler
                0x080095a4                SDIO_IRQHandler
                0x080095a4                TAMP_STAMP_IRQHandler
                0x080095a4                CAN2_RX1_IRQHandler
                0x080095a4                EXTI3_IRQHandler
                0x080095a4                TIM1_UP_TIM10_IRQHandler
                0x080095a4                TIM8_UP_TIM13_IRQHandler
                0x080095a4                I2C3_ER_IRQHandler
                0x080095a4                EXTI0_IRQHandler
                0x080095a4                I2C2_EV_IRQHandler
                0x080095a4                DMA1_Stream2_IRQHandler
                0x080095a4                FPU_IRQHandler
                0x080095a4                OTG_HS_WKUP_IRQHandler
                0x080095a4                CAN2_SCE_IRQHandler
                0x080095a4                DMA2_Stream2_IRQHandler
                0x080095a4                SPI1_IRQHandler
                0x080095a4                TIM6_DAC_IRQHandler
                0x080095a4                TIM1_BRK_TIM9_IRQHandler
                0x080095a4                DCMI_IRQHandler
                0x080095a4                CAN2_RX0_IRQHandler
                0x080095a4                DMA2_Stream3_IRQHandler
                0x080095a4                UART5_IRQHandler
                0x080095a4                DMA2_Stream0_IRQHandler
                0x080095a4                TIM4_IRQHandler
                0x080095a4                I2C1_EV_IRQHandler
                0x080095a4                DMA1_Stream6_IRQHandler
                0x080095a4                UART4_IRQHandler
                0x080095a4                TIM3_IRQHandler
                0x080095a4                RCC_IRQHandler
                0x080095a4                TIM8_BRK_TIM12_IRQHandler
                0x080095a4                Default_Handler
                0x080095a4                EXTI15_10_IRQHandler
                0x080095a4                ADC_IRQHandler
                0x080095a4                DMA1_Stream7_IRQHandler
                0x080095a4                TIM7_IRQHandler
                0x080095a4                CAN2_TX_IRQHandler
                0x080095a4                TIM5_IRQHandler
                0x080095a4                DMA2_Stream7_IRQHandler
                0x080095a4                I2C3_EV_IRQHandler
                0x080095a4                EXTI9_5_IRQHandler
                0x080095a4                RTC_WKUP_IRQHandler
                0x080095a4                ETH_WKUP_IRQHandler
                0x080095a4                SPI2_IRQHandler
                0x080095a4                OTG_HS_EP1_IN_IRQHandler
                0x080095a4                DMA1_Stream0_IRQHandler
                0x080095a4                CAN1_TX_IRQHandler
                0x080095a4                EXTI4_IRQHandler
                0x080095a4                FSMC_IRQHandler
                0x080095a4                ETH_IRQHandler
                0x080095a4                OTG_HS_EP1_OUT_IRQHandler
                0x080095a4                WWDG_IRQHandler
                0x080095a4                TIM2_IRQHandler
                0x080095a4                OTG_FS_WKUP_IRQHandler
                0x080095a4                TIM1_TRG_COM_TIM11_IRQHandler
                0x080095a4                OTG_HS_IRQHandler
                0x080095a4                EXTI1_IRQHandler
                0x080095a4                USART2_IRQHandler
                0x080095a4                I2C2_ER_IRQHandler
                0x080095a4                CAN1_SCE_IRQHandler
                0x080095a4                FLASH_IRQHandler
                0x080095a4                DMA2_Stream4_IRQHandler
                0x080095a4                USART1_IRQHandler
                0x080095a4                OTG_FS_IRQHandler
                0x080095a4                SPI3_IRQHandler
                0x080095a4                DMA1_Stream4_IRQHandler
                0x080095a4                I2C1_ER_IRQHandler
                0x080095a4                DMA1_Stream3_IRQHandler
 *fill*         0x080095a6        0x2 
 .text.__udivmoddi4
                0x080095a8      0x2bc D:/Arm GNU Toolchain arm-none-eabi/13.3 rel1/bin/../lib/gcc/arm-none-eabi/13.3.1/thumb/v7e-m+fp/hard\libgcc.a(_udivmoddi4.o)
                0x080095a8                __udivmoddi4
 .text.malloc   0x08009864       0x10 D:/Arm GNU Toolchain arm-none-eabi/13.3 rel1/bin/../lib/gcc/arm-none-eabi/13.3.1/thumb/v7e-m+fp/hard\libg_nano.a(libc_a-malloc.o)
                0x08009864                malloc
 .text.strnlen  0x08009874       0x18 D:/Arm GNU Toolchain arm-none-eabi/13.3 rel1/bin/../lib/gcc/arm-none-eabi/13.3.1/thumb/v7e-m+fp/hard\libg_nano.a(libc_a-strnlen.o)
                0x08009874                strnlen
 .text.__errno  0x0800988c        0xc D:/Arm GNU Toolchain arm-none-eabi/13.3 rel1/bin/../lib/gcc/arm-none-eabi/13.3.1/thumb/v7e-m+fp/hard\libg_nano.a(libc_a-errno.o)
                0x0800988c                __errno
 .text.strcpy   0x08009898       0x10 D:/Arm GNU Toolchain arm-none-eabi/13.3 rel1/bin/../lib/gcc/arm-none-eabi/13.3.1/thumb/v7e-m+fp/hard\libg_nano.a(libc_a-strcpy.o)
                0x08009898                strcpy
 .text.memcpy   0x080098a8       0x1c D:/Arm GNU Toolchain arm-none-eabi/13.3 rel1/bin/../lib/gcc/arm-none-eabi/13.3.1/thumb/v7e-m+fp/hard\libg_nano.a(libc_a-memcpy-stub.o)
                0x080098a8                memcpy
 *(.glue_7)
 .glue_7        0x080098c4        0x0 linker stubs
 *(.glue_7t)
 .glue_7t       0x080098c4        0x0 linker stubs
 *(.eh_frame)
 .eh_frame      0x080098c4        0x0 D:/Arm GNU Toolchain arm-none-eabi/13.3 rel1/bin/../lib/gcc/arm-none-eabi/13.3.1/thumb/v7e-m+fp/hard/crtbegin.o
 *(.init)
 .init          0x080098c4        0x4 D:/Arm GNU Toolchain arm-none-eabi/13.3 rel1/bin/../lib/gcc/arm-none-eabi/13.3.1/thumb/v7e-m+fp/hard/crti.o
                0x080098c4                _init
 .init          0x080098c8        0x8 D:/Arm GNU Toolchain arm-none-eabi/13.3 rel1/bin/../lib/gcc/arm-none-eabi/13.3.1/thumb/v7e-m+fp/hard/crtn.o
 *(.fini)
 .fini          0x080098d0        0x4 D:/Arm GNU Toolchain arm-none-eabi/13.3 rel1/bin/../lib/gcc/arm-none-eabi/13.3.1/thumb/v7e-m+fp/hard/crti.o
                0x080098d0                _fini
 .fini          0x080098d4        0x8 D:/Arm GNU Toolchain arm-none-eabi/13.3 rel1/bin/../lib/gcc/arm-none-eabi/13.3.1/thumb/v7e-m+fp/hard/crtn.o
                0x080098dc                        . = ALIGN (0x4)
                0x080098dc                        _etext = .

.vfp11_veneer   0x080098dc        0x0
 .vfp11_veneer  0x080098dc        0x0 linker stubs

.v4_bx          0x080098dc        0x0
 .v4_bx         0x080098dc        0x0 linker stubs

.iplt           0x080098dc        0x0
 .iplt          0x080098dc        0x0 D:/Arm GNU Toolchain arm-none-eabi/13.3 rel1/bin/../lib/gcc/arm-none-eabi/13.3.1/thumb/v7e-m+fp/hard/crtbegin.o

.rodata         0x080098dc      0x1f4
                0x080098dc                        . = ALIGN (0x4)
 *(.rodata)
 .rodata        0x080098dc       0xdc CMakeFiles/robocup_ctype.dir/Bsp/usart/bsp_usart.c.obj
 .rodata        0x080099b8       0x35 CMakeFiles/robocup_ctype.dir/Modules/remote/remote.c.obj
 *fill*         0x080099ed        0x3 
 .rodata        0x080099f0        0x9 CMakeFiles/robocup_ctype.dir/Middlewares/Third_Party/SEGGER/RTT/SEGGER_RTT.c.obj
 *fill*         0x080099f9        0x3 
 .rodata        0x080099fc       0x50 CMakeFiles/robocup_ctype.dir/App/Init/init.c.obj
 .rodata        0x08009a4c        0x8 CMakeFiles/robocup_ctype.dir/App/Car/car.c.obj
 .rodata        0x08009a54        0x8 CMakeFiles/robocup_ctype.dir/App/Cmd/cmd.c.obj
 .rodata        0x08009a5c       0x28 CMakeFiles/robocup_ctype.dir/Core/Src/freertos.c.obj
 .rodata        0x08009a84        0x5 CMakeFiles/robocup_ctype.dir/Middlewares/Third_Party/FreeRTOS/Source/tasks.c.obj
 *(.rodata*)
 *fill*         0x08009a89        0x3 
 .rodata._aV2C.0
                0x08009a8c       0x10 CMakeFiles/robocup_ctype.dir/Middlewares/Third_Party/SEGGER/RTT/SEGGER_RTT_printf.c.obj
 .rodata._aInitStr.0
                0x08009a9c       0x11 CMakeFiles/robocup_ctype.dir/Middlewares/Third_Party/SEGGER/RTT/SEGGER_RTT.c.obj
 *fill*         0x08009aad        0x3 
 .rodata.flagBitshiftOffset.0
                0x08009ab0        0x8 CMakeFiles/robocup_ctype.dir/Drivers/STM32F4xx_HAL_Driver/Src/stm32f4xx_hal_dma.c.obj
 .rodata.AHBPrescTable
                0x08009ab8       0x10 CMakeFiles/robocup_ctype.dir/Core/Src/system_stm32f4xx.c.obj
                0x08009ab8                AHBPrescTable
 .rodata.APBPrescTable
                0x08009ac8        0x8 CMakeFiles/robocup_ctype.dir/Core/Src/system_stm32f4xx.c.obj
                0x08009ac8                APBPrescTable
                0x08009ad0                        . = ALIGN (0x4)

.ARM.extab
 *(.ARM.extab* .gnu.linkonce.armextab.*)

.ARM            0x08009ad0        0x8
                0x08009ad0                        __exidx_start = .
 *(.ARM.exidx*)
 .ARM.exidx     0x08009ad0        0x8 D:/Arm GNU Toolchain arm-none-eabi/13.3 rel1/bin/../lib/gcc/arm-none-eabi/13.3.1/thumb/v7e-m+fp/hard\libg_nano.a(libc_a-strcmp.o)
 .ARM.exidx.text.__udivmoddi4
                0x08009ad8        0x0 D:/Arm GNU Toolchain arm-none-eabi/13.3 rel1/bin/../lib/gcc/arm-none-eabi/13.3.1/thumb/v7e-m+fp/hard\libgcc.a(_udivmoddi4.o)
                                  0x8 (size before relaxing)
                0x08009ad8                        __exidx_end = .

.rel.dyn        0x08009ad8        0x0
 .rel.iplt      0x08009ad8        0x0 D:/Arm GNU Toolchain arm-none-eabi/13.3 rel1/bin/../lib/gcc/arm-none-eabi/13.3.1/thumb/v7e-m+fp/hard/crtbegin.o

.preinit_array  0x08009ad8        0x0
                0x08009ad8                        PROVIDE (__preinit_array_start = .)
 *(.preinit_array*)
                0x08009ad8                        PROVIDE (__preinit_array_end = .)

.init_array     0x08009ad8        0x4
                0x08009ad8                        PROVIDE (__init_array_start = .)
 *(SORT_BY_NAME(.init_array.*))
 *(.init_array*)
 .init_array    0x08009ad8        0x4 D:/Arm GNU Toolchain arm-none-eabi/13.3 rel1/bin/../lib/gcc/arm-none-eabi/13.3.1/thumb/v7e-m+fp/hard/crtbegin.o
                0x08009adc                        PROVIDE (__init_array_end = .)

.fini_array     0x08009adc        0x4
                [!provide]                        PROVIDE (__fini_array_start = .)
 *(SORT_BY_NAME(.fini_array.*))
 *(.fini_array*)
 .fini_array    0x08009adc        0x4 D:/Arm GNU Toolchain arm-none-eabi/13.3 rel1/bin/../lib/gcc/arm-none-eabi/13.3.1/thumb/v7e-m+fp/hard/crtbegin.o
                [!provide]                        PROVIDE (__fini_array_end = .)
                0x08009ae0                        _sidata = LOADADDR (.data)

.data           0x20000000      0x190 load address 0x08009ae0
                0x20000000                        . = ALIGN (0x4)
                0x20000000                        _sdata = .
 *(.data)
 *(.data*)
 .data._impure_ptr
                0x20000000        0x4 D:/Arm GNU Toolchain arm-none-eabi/13.3 rel1/bin/../lib/gcc/arm-none-eabi/13.3.1/thumb/v7e-m+fp/hard\libc_nano.a(libc_a-impure.o)
                0x20000000                _impure_ptr
 .data._impure_data
                0x20000004       0x4c D:/Arm GNU Toolchain arm-none-eabi/13.3 rel1/bin/../lib/gcc/arm-none-eabi/13.3.1/thumb/v7e-m+fp/hard\libc_nano.a(libc_a-impure.o)
                0x20000004                _impure_data
 .data.message_center
                0x20000050       0x30 CMakeFiles/robocup_ctype.dir/Modules/message_center/message_center.c.obj
 .data.sht75_crc_table
                0x20000080      0x100 CMakeFiles/robocup_ctype.dir/Modules/Crc/crc8.c.obj
 .data.uwTickPrio
                0x20000180        0x4 CMakeFiles/robocup_ctype.dir/Drivers/STM32F4xx_HAL_Driver/Src/stm32f4xx_hal.c.obj
                0x20000180                uwTickPrio
 .data.uwTickFreq
                0x20000184        0x1 CMakeFiles/robocup_ctype.dir/Drivers/STM32F4xx_HAL_Driver/Src/stm32f4xx_hal.c.obj
                0x20000184                uwTickFreq
 *fill*         0x20000185        0x3 
 .data.SystemCoreClock
                0x20000188        0x4 CMakeFiles/robocup_ctype.dir/Core/Src/system_stm32f4xx.c.obj
                0x20000188                SystemCoreClock
 .data.uxCriticalNesting
                0x2000018c        0x4 CMakeFiles/robocup_ctype.dir/Middlewares/Third_Party/FreeRTOS/Source/portable/GCC/ARM_CM4F/port.c.obj
                0x20000190                        . = ALIGN (0x4)
                0x20000190                        _edata = .
                0x08009c70                        _siccmram = LOADADDR (.ccmram)

.tm_clone_table
                0x20000190        0x0 load address 0x08009c70
 .tm_clone_table
                0x20000190        0x0 D:/Arm GNU Toolchain arm-none-eabi/13.3 rel1/bin/../lib/gcc/arm-none-eabi/13.3.1/thumb/v7e-m+fp/hard/crtbegin.o
 .tm_clone_table
                0x20000190        0x0 D:/Arm GNU Toolchain arm-none-eabi/13.3 rel1/bin/../lib/gcc/arm-none-eabi/13.3.1/thumb/v7e-m+fp/hard/crtend.o

.igot.plt       0x20000190        0x0 load address 0x08009c70
 .igot.plt      0x20000190        0x0 D:/Arm GNU Toolchain arm-none-eabi/13.3 rel1/bin/../lib/gcc/arm-none-eabi/13.3.1/thumb/v7e-m+fp/hard/crtbegin.o

.ccmram         0x10000000        0x0 load address 0x08009c70
                0x10000000                        . = ALIGN (0x4)
                0x10000000                        _sccmram = .
 *(.ccmram)
 *(.ccmram*)
                0x10000000                        . = ALIGN (0x4)
                0x10000000                        _eccmram = .
                0x10000000                        . = ALIGN (0x4)

.bss            0x20000190     0x5f98
                0x20000190                        _sbss = .
                0x20000190                        __bss_start__ = _sbss
 *(.bss)
 *(.bss*)
 .bss.completed.1
                0x20000190        0x1 D:/Arm GNU Toolchain arm-none-eabi/13.3 rel1/bin/../lib/gcc/arm-none-eabi/13.3.1/thumb/v7e-m+fp/hard/crtbegin.o
 *fill*         0x20000191        0x3 
 .bss.object.0  0x20000194       0x18 D:/Arm GNU Toolchain arm-none-eabi/13.3 rel1/bin/../lib/gcc/arm-none-eabi/13.3.1/thumb/v7e-m+fp/hard/crtbegin.o
 .bss.__sf      0x200001ac      0x138 D:/Arm GNU Toolchain arm-none-eabi/13.3 rel1/bin/../lib/gcc/arm-none-eabi/13.3.1/thumb/v7e-m+fp/hard\libc_nano.a(libc_a-findfp.o)
                0x200001ac                __sf
 .bss.errno     0x200002e4        0x4 D:/Arm GNU Toolchain arm-none-eabi/13.3 rel1/bin/../lib/gcc/arm-none-eabi/13.3.1/thumb/v7e-m+fp/hard\libc_nano.a(libc_a-reent.o)
                0x200002e4                errno
 .bss.__lock___malloc_recursive_mutex
                0x200002e8        0x1 D:/Arm GNU Toolchain arm-none-eabi/13.3 rel1/bin/../lib/gcc/arm-none-eabi/13.3.1/thumb/v7e-m+fp/hard\libc_nano.a(libc_a-lock.o)
                0x200002e8                __lock___malloc_recursive_mutex
 *fill*         0x200002e9        0x3 
 .bss.__malloc_sbrk_start
                0x200002ec        0x4 D:/Arm GNU Toolchain arm-none-eabi/13.3 rel1/bin/../lib/gcc/arm-none-eabi/13.3.1/thumb/v7e-m+fp/hard\libc_nano.a(libc_a-mallocr.o)
                0x200002ec                __malloc_sbrk_start
 .bss.__malloc_free_list
                0x200002f0        0x4 D:/Arm GNU Toolchain arm-none-eabi/13.3 rel1/bin/../lib/gcc/arm-none-eabi/13.3.1/thumb/v7e-m+fp/hard\libc_nano.a(libc_a-mallocr.o)
                0x200002f0                __malloc_free_list
 .bss.CPU_FREQ_Hz
                0x200002f4        0x4 CMakeFiles/robocup_ctype.dir/Bsp/dwt/bsp_dwt.c.obj
 .bss.CPU_FREQ_Hz_ms
                0x200002f8        0x4 CMakeFiles/robocup_ctype.dir/Bsp/dwt/bsp_dwt.c.obj
 .bss.CPU_FREQ_Hz_us
                0x200002fc        0x4 CMakeFiles/robocup_ctype.dir/Bsp/dwt/bsp_dwt.c.obj
 .bss.CYCCNT_RountCount
                0x20000300        0x4 CMakeFiles/robocup_ctype.dir/Bsp/dwt/bsp_dwt.c.obj
 .bss.CYCCNT_LAST
                0x20000304        0x4 CMakeFiles/robocup_ctype.dir/Bsp/dwt/bsp_dwt.c.obj
 .bss.bit_locker.3
                0x20000308        0x1 CMakeFiles/robocup_ctype.dir/Bsp/dwt/bsp_dwt.c.obj
 .bss.idx       0x20000309        0x1 CMakeFiles/robocup_ctype.dir/Bsp/usart/bsp_usart.c.obj
 *fill*         0x2000030a        0x2 
 .bss.usart_instance
                0x2000030c        0xc CMakeFiles/robocup_ctype.dir/Bsp/usart/bsp_usart.c.obj
 .bss.daemon_instances
                0x20000318      0x100 CMakeFiles/robocup_ctype.dir/Bsp/daemon/daemon.c.obj
 .bss.idx       0x20000418        0x1 CMakeFiles/robocup_ctype.dir/Bsp/daemon/daemon.c.obj
 *fill*         0x20000419        0x3 
 .bss.can_instance
                0x2000041c       0x40 CMakeFiles/robocup_ctype.dir/Bsp/can/bsp_can.c.obj
 .bss.idx       0x2000045c        0x1 CMakeFiles/robocup_ctype.dir/Bsp/can/bsp_can.c.obj
 *fill*         0x2000045d        0x3 
 .bss.rxconf.0  0x20000460       0x1c CMakeFiles/robocup_ctype.dir/Bsp/can/bsp_can.c.obj
 .bss.temp_Iout.1
                0x2000047c        0x4 CMakeFiles/robocup_ctype.dir/Modules/Controller/PID.c.obj
 .bss.temp_Output.0
                0x20000480        0x4 CMakeFiles/robocup_ctype.dir/Modules/Controller/PID.c.obj
 .bss.motor     0x20000484        0x8 CMakeFiles/robocup_ctype.dir/Modules/motor/motor.c.obj
 .bss.idx       0x2000048c        0x1 CMakeFiles/robocup_ctype.dir/Modules/motor/motor.c.obj
 *fill*         0x2000048d        0x3 
 .bss.rc_ctrl   0x20000490       0x90 CMakeFiles/robocup_ctype.dir/Modules/remote/remote.c.obj
 .bss.rc_init_flag
                0x20000520        0x1 CMakeFiles/robocup_ctype.dir/Modules/remote/remote.c.obj
 *fill*         0x20000521        0x3 
 .bss.rc_usart_instance
                0x20000524        0x4 CMakeFiles/robocup_ctype.dir/Modules/remote/remote.c.obj
 .bss.rc_daemon_instance
                0x20000528        0x4 CMakeFiles/robocup_ctype.dir/Modules/remote/remote.c.obj
 .bss.iter.0    0x2000052c        0x4 CMakeFiles/robocup_ctype.dir/Modules/message_center/message_center.c.obj
 .bss.recv_data_nav
                0x20000530        0xf CMakeFiles/robocup_ctype.dir/Modules/Vision/master_process.c.obj
 *fill*         0x2000053f        0x1 
 .bss.vision_daemon_instance
                0x20000540        0x4 CMakeFiles/robocup_ctype.dir/Modules/Vision/master_process.c.obj
 .bss.vision_usart_instance
                0x20000544        0x4 CMakeFiles/robocup_ctype.dir/Modules/Vision/master_process.c.obj
 .bss.pro.1     0x20000548        0xa CMakeFiles/robocup_ctype.dir/Modules/Vision/seasky_protocol.c.obj
 .bss.date_length.0
                0x20000552        0x2 CMakeFiles/robocup_ctype.dir/Modules/Vision/seasky_protocol.c.obj
 .bss.crc_tab16_init
                0x20000554        0x1 CMakeFiles/robocup_ctype.dir/Modules/Crc/crc16.c.obj
 *fill*         0x20000555        0x3 
 .bss.crc_tab16
                0x20000558      0x200 CMakeFiles/robocup_ctype.dir/Modules/Crc/crc16.c.obj
 .bss._SEGGER_RTT
                0x20000758       0xa8 CMakeFiles/robocup_ctype.dir/Middlewares/Third_Party/SEGGER/RTT/SEGGER_RTT.c.obj
                0x20000758                _SEGGER_RTT
 .bss._acUpBuffer
                0x20000800      0x400 CMakeFiles/robocup_ctype.dir/Middlewares/Third_Party/SEGGER/RTT/SEGGER_RTT.c.obj
 .bss._acDownBuffer
                0x20000c00       0x10 CMakeFiles/robocup_ctype.dir/Middlewares/Third_Party/SEGGER/RTT/SEGGER_RTT.c.obj
 .bss.motorTaskHandle
                0x20000c10        0x4 CMakeFiles/robocup_ctype.dir/App/Init/init.c.obj
                0x20000c10                motorTaskHandle
 .bss.daemonTaskHandle
                0x20000c14        0x4 CMakeFiles/robocup_ctype.dir/App/Init/init.c.obj
                0x20000c14                daemonTaskHandle
 .bss.l_motor   0x20000c18        0x4 CMakeFiles/robocup_ctype.dir/App/Car/car.c.obj
 .bss.r_motor   0x20000c1c        0x4 CMakeFiles/robocup_ctype.dir/App/Car/car.c.obj
 .bss.cmd_sub   0x20000c20        0x4 CMakeFiles/robocup_ctype.dir/App/Car/car.c.obj
 .bss.car_cmd   0x20000c24        0xc CMakeFiles/robocup_ctype.dir/App/Car/car.c.obj
 .bss.rc_data   0x20000c30        0x4 CMakeFiles/robocup_ctype.dir/App/Cmd/cmd.c.obj
 .bss.cmd_pub   0x20000c34        0x4 CMakeFiles/robocup_ctype.dir/App/Cmd/cmd.c.obj
 .bss.car_cmd   0x20000c38        0xc CMakeFiles/robocup_ctype.dir/App/Cmd/cmd.c.obj
 .bss.nav_recv_data
                0x20000c44        0x4 CMakeFiles/robocup_ctype.dir/App/Cmd/cmd.c.obj
 .bss.defaultTaskHandle
                0x20000c48        0x4 CMakeFiles/robocup_ctype.dir/Core/Src/freertos.c.obj
                0x20000c48                defaultTaskHandle
 .bss.xIdleTaskTCBBuffer
                0x20000c4c       0x54 CMakeFiles/robocup_ctype.dir/Core/Src/freertos.c.obj
 .bss.xIdleStack
                0x20000ca0      0x200 CMakeFiles/robocup_ctype.dir/Core/Src/freertos.c.obj
 .bss.hcan1     0x20000ea0       0x28 CMakeFiles/robocup_ctype.dir/Core/Src/can.c.obj
                0x20000ea0                hcan1
 .bss.hcan2     0x20000ec8       0x28 CMakeFiles/robocup_ctype.dir/Core/Src/can.c.obj
                0x20000ec8                hcan2
 .bss.HAL_RCC_CAN1_CLK_ENABLED
                0x20000ef0        0x4 CMakeFiles/robocup_ctype.dir/Core/Src/can.c.obj
 .bss.hrng      0x20000ef4       0x10 CMakeFiles/robocup_ctype.dir/Core/Src/rng.c.obj
                0x20000ef4                hrng
 .bss.hrtc      0x20000f04       0x20 CMakeFiles/robocup_ctype.dir/Core/Src/rtc.c.obj
                0x20000f04                hrtc
 .bss.htim1     0x20000f24       0x48 CMakeFiles/robocup_ctype.dir/Core/Src/tim.c.obj
                0x20000f24                htim1
 .bss.htim8     0x20000f6c       0x48 CMakeFiles/robocup_ctype.dir/Core/Src/tim.c.obj
                0x20000f6c                htim8
 .bss.huart3    0x20000fb4       0x48 CMakeFiles/robocup_ctype.dir/Core/Src/usart.c.obj
                0x20000fb4                huart3
 .bss.huart6    0x20000ffc       0x48 CMakeFiles/robocup_ctype.dir/Core/Src/usart.c.obj
                0x20000ffc                huart6
 .bss.hdma_usart3_rx
                0x20001044       0x60 CMakeFiles/robocup_ctype.dir/Core/Src/usart.c.obj
                0x20001044                hdma_usart3_rx
 .bss.hdma_usart6_rx
                0x200010a4       0x60 CMakeFiles/robocup_ctype.dir/Core/Src/usart.c.obj
                0x200010a4                hdma_usart6_rx
 .bss.hdma_usart6_tx
                0x20001104       0x60 CMakeFiles/robocup_ctype.dir/Core/Src/usart.c.obj
                0x20001104                hdma_usart6_tx
 .bss.htim14    0x20001164       0x48 CMakeFiles/robocup_ctype.dir/Core/Src/stm32f4xx_hal_timebase_tim.c.obj
                0x20001164                htim14
 .bss.uwTick    0x200011ac        0x4 CMakeFiles/robocup_ctype.dir/Drivers/STM32F4xx_HAL_Driver/Src/stm32f4xx_hal.c.obj
                0x200011ac                uwTick
 .bss.pxCurrentTCB
                0x200011b0        0x4 CMakeFiles/robocup_ctype.dir/Middlewares/Third_Party/FreeRTOS/Source/tasks.c.obj
                0x200011b0                pxCurrentTCB
 .bss.pxReadyTasksLists
                0x200011b4       0x8c CMakeFiles/robocup_ctype.dir/Middlewares/Third_Party/FreeRTOS/Source/tasks.c.obj
 .bss.xDelayedTaskList1
                0x20001240       0x14 CMakeFiles/robocup_ctype.dir/Middlewares/Third_Party/FreeRTOS/Source/tasks.c.obj
 .bss.xDelayedTaskList2
                0x20001254       0x14 CMakeFiles/robocup_ctype.dir/Middlewares/Third_Party/FreeRTOS/Source/tasks.c.obj
 .bss.pxDelayedTaskList
                0x20001268        0x4 CMakeFiles/robocup_ctype.dir/Middlewares/Third_Party/FreeRTOS/Source/tasks.c.obj
 .bss.pxOverflowDelayedTaskList
                0x2000126c        0x4 CMakeFiles/robocup_ctype.dir/Middlewares/Third_Party/FreeRTOS/Source/tasks.c.obj
 .bss.xPendingReadyList
                0x20001270       0x14 CMakeFiles/robocup_ctype.dir/Middlewares/Third_Party/FreeRTOS/Source/tasks.c.obj
 .bss.xTasksWaitingTermination
                0x20001284       0x14 CMakeFiles/robocup_ctype.dir/Middlewares/Third_Party/FreeRTOS/Source/tasks.c.obj
 .bss.uxDeletedTasksWaitingCleanUp
                0x20001298        0x4 CMakeFiles/robocup_ctype.dir/Middlewares/Third_Party/FreeRTOS/Source/tasks.c.obj
 .bss.xSuspendedTaskList
                0x2000129c       0x14 CMakeFiles/robocup_ctype.dir/Middlewares/Third_Party/FreeRTOS/Source/tasks.c.obj
 .bss.uxCurrentNumberOfTasks
                0x200012b0        0x4 CMakeFiles/robocup_ctype.dir/Middlewares/Third_Party/FreeRTOS/Source/tasks.c.obj
 .bss.xTickCount
                0x200012b4        0x4 CMakeFiles/robocup_ctype.dir/Middlewares/Third_Party/FreeRTOS/Source/tasks.c.obj
 .bss.uxTopReadyPriority
                0x200012b8        0x4 CMakeFiles/robocup_ctype.dir/Middlewares/Third_Party/FreeRTOS/Source/tasks.c.obj
 .bss.xSchedulerRunning
                0x200012bc        0x4 CMakeFiles/robocup_ctype.dir/Middlewares/Third_Party/FreeRTOS/Source/tasks.c.obj
 .bss.xPendedTicks
                0x200012c0        0x4 CMakeFiles/robocup_ctype.dir/Middlewares/Third_Party/FreeRTOS/Source/tasks.c.obj
 .bss.xYieldPending
                0x200012c4        0x4 CMakeFiles/robocup_ctype.dir/Middlewares/Third_Party/FreeRTOS/Source/tasks.c.obj
 .bss.xNumOfOverflows
                0x200012c8        0x4 CMakeFiles/robocup_ctype.dir/Middlewares/Third_Party/FreeRTOS/Source/tasks.c.obj
 .bss.uxTaskNumber
                0x200012cc        0x4 CMakeFiles/robocup_ctype.dir/Middlewares/Third_Party/FreeRTOS/Source/tasks.c.obj
 .bss.xNextTaskUnblockTime
                0x200012d0        0x4 CMakeFiles/robocup_ctype.dir/Middlewares/Third_Party/FreeRTOS/Source/tasks.c.obj
 .bss.xIdleTaskHandle
                0x200012d4        0x4 CMakeFiles/robocup_ctype.dir/Middlewares/Third_Party/FreeRTOS/Source/tasks.c.obj
 .bss.uxSchedulerSuspended
                0x200012d8        0x4 CMakeFiles/robocup_ctype.dir/Middlewares/Third_Party/FreeRTOS/Source/tasks.c.obj
 .bss.ucHeap    0x200012dc     0x4e20 CMakeFiles/robocup_ctype.dir/Middlewares/Third_Party/FreeRTOS/Source/portable/MemMang/heap_4.c.obj
 .bss.xStart    0x200060fc        0x8 CMakeFiles/robocup_ctype.dir/Middlewares/Third_Party/FreeRTOS/Source/portable/MemMang/heap_4.c.obj
 .bss.pxEnd     0x20006104        0x4 CMakeFiles/robocup_ctype.dir/Middlewares/Third_Party/FreeRTOS/Source/portable/MemMang/heap_4.c.obj
 .bss.xFreeBytesRemaining
                0x20006108        0x4 CMakeFiles/robocup_ctype.dir/Middlewares/Third_Party/FreeRTOS/Source/portable/MemMang/heap_4.c.obj
 .bss.xMinimumEverFreeBytesRemaining
                0x2000610c        0x4 CMakeFiles/robocup_ctype.dir/Middlewares/Third_Party/FreeRTOS/Source/portable/MemMang/heap_4.c.obj
 .bss.xNumberOfSuccessfulAllocations
                0x20006110        0x4 CMakeFiles/robocup_ctype.dir/Middlewares/Third_Party/FreeRTOS/Source/portable/MemMang/heap_4.c.obj
 .bss.xNumberOfSuccessfulFrees
                0x20006114        0x4 CMakeFiles/robocup_ctype.dir/Middlewares/Third_Party/FreeRTOS/Source/portable/MemMang/heap_4.c.obj
 .bss.xBlockAllocatedBit
                0x20006118        0x4 CMakeFiles/robocup_ctype.dir/Middlewares/Third_Party/FreeRTOS/Source/portable/MemMang/heap_4.c.obj
 .bss.ucMaxSysCallPriority
                0x2000611c        0x1 CMakeFiles/robocup_ctype.dir/Middlewares/Third_Party/FreeRTOS/Source/portable/GCC/ARM_CM4F/port.c.obj
 *fill*         0x2000611d        0x3 
 .bss.ulMaxPRIGROUPValue
                0x20006120        0x4 CMakeFiles/robocup_ctype.dir/Middlewares/Third_Party/FreeRTOS/Source/portable/GCC/ARM_CM4F/port.c.obj
 .bss.__sbrk_heap_end
                0x20006124        0x4 CMakeFiles/robocup_ctype.dir/Core/Src/sysmem.c.obj
 *(COMMON)
                0x20006128                        . = ALIGN (0x4)
                0x20006128                        _ebss = .
                0x20006128                        __bss_end__ = _ebss

._user_heap_stack
                0x20006128     0x6000
                0x20006128                        . = ALIGN (0x8)
                [!provide]                        PROVIDE (end = .)
                0x20006128                        PROVIDE (_end = .)
                0x20008128                        . = (. + _Min_Heap_Size)
 *fill*         0x20006128     0x2000 
                0x2000c128                        . = (. + _Min_Stack_Size)
 *fill*         0x20008128     0x4000 
                0x2000c128                        . = ALIGN (0x8)

/DISCARD/
 libc.a(*)
 libm.a(*)
 libgcc.a(*)
OUTPUT(robocup_ctype.elf elf32-littlearm)
LOAD linker stubs
LOAD D:/Arm GNU Toolchain arm-none-eabi/13.3 rel1/bin/../lib/gcc/arm-none-eabi/13.3.1/thumb/v7e-m+fp/hard\libc.a
LOAD D:/Arm GNU Toolchain arm-none-eabi/13.3 rel1/bin/../lib/gcc/arm-none-eabi/13.3.1/thumb/v7e-m+fp/hard\libm.a
LOAD D:/Arm GNU Toolchain arm-none-eabi/13.3 rel1/bin/../lib/gcc/arm-none-eabi/13.3.1/thumb/v7e-m+fp/hard\libgcc.a

.ARM.attributes
                0x00000000       0x30
 .ARM.attributes
                0x00000000       0x22 D:/Arm GNU Toolchain arm-none-eabi/13.3 rel1/bin/../lib/gcc/arm-none-eabi/13.3.1/thumb/v7e-m+fp/hard/crti.o
 .ARM.attributes
                0x00000022       0x34 D:/Arm GNU Toolchain arm-none-eabi/13.3 rel1/bin/../lib/gcc/arm-none-eabi/13.3.1/thumb/v7e-m+fp/hard/crtbegin.o
 .ARM.attributes
                0x00000056       0x34 D:/Arm GNU Toolchain arm-none-eabi/13.3 rel1/bin/../lib/gcc/arm-none-eabi/13.3.1/thumb/v7e-m+fp/hard\libc_nano.a(libc_a-findfp.o)
 .ARM.attributes
                0x0000008a       0x34 D:/Arm GNU Toolchain arm-none-eabi/13.3 rel1/bin/../lib/gcc/arm-none-eabi/13.3.1/thumb/v7e-m+fp/hard\libc_nano.a(libc_a-memset.o)
 .ARM.attributes
                0x000000be       0x34 D:/Arm GNU Toolchain arm-none-eabi/13.3 rel1/bin/../lib/gcc/arm-none-eabi/13.3.1/thumb/v7e-m+fp/hard\libc_nano.a(libc_a-reent.o)
 .ARM.attributes
                0x000000f2       0x34 D:/Arm GNU Toolchain arm-none-eabi/13.3 rel1/bin/../lib/gcc/arm-none-eabi/13.3.1/thumb/v7e-m+fp/hard\libc_nano.a(libc_a-impure.o)
 .ARM.attributes
                0x00000126       0x34 D:/Arm GNU Toolchain arm-none-eabi/13.3 rel1/bin/../lib/gcc/arm-none-eabi/13.3.1/thumb/v7e-m+fp/hard\libc_nano.a(libc_a-init.o)
 .ARM.attributes
                0x0000015a       0x34 D:/Arm GNU Toolchain arm-none-eabi/13.3 rel1/bin/../lib/gcc/arm-none-eabi/13.3.1/thumb/v7e-m+fp/hard\libc_nano.a(libc_a-lock.o)
 .ARM.attributes
                0x0000018e       0x34 D:/Arm GNU Toolchain arm-none-eabi/13.3 rel1/bin/../lib/gcc/arm-none-eabi/13.3.1/thumb/v7e-m+fp/hard\libc_nano.a(libc_a-mallocr.o)
 .ARM.attributes
                0x000001c2       0x34 D:/Arm GNU Toolchain arm-none-eabi/13.3 rel1/bin/../lib/gcc/arm-none-eabi/13.3.1/thumb/v7e-m+fp/hard\libc_nano.a(libc_a-mlock.o)
 .ARM.attributes
                0x000001f6       0x34 D:/Arm GNU Toolchain arm-none-eabi/13.3 rel1/bin/../lib/gcc/arm-none-eabi/13.3.1/thumb/v7e-m+fp/hard\libc_nano.a(libc_a-sbrkr.o)
 .ARM.attributes
                0x0000022a       0x34 CMakeFiles/robocup_ctype.dir/Bsp/dwt/bsp_dwt.c.obj
 .ARM.attributes
                0x0000025e       0x34 CMakeFiles/robocup_ctype.dir/Bsp/usart/bsp_usart.c.obj
 .ARM.attributes
                0x00000292       0x34 CMakeFiles/robocup_ctype.dir/Bsp/daemon/daemon.c.obj
 .ARM.attributes
                0x000002c6       0x34 CMakeFiles/robocup_ctype.dir/Bsp/can/bsp_can.c.obj
 .ARM.attributes
                0x000002fa       0x34 CMakeFiles/robocup_ctype.dir/Modules/Controller/PID.c.obj
 .ARM.attributes
                0x0000032e       0x34 CMakeFiles/robocup_ctype.dir/Modules/motor/motor.c.obj
 .ARM.attributes
                0x00000362       0x34 CMakeFiles/robocup_ctype.dir/Modules/remote/remote.c.obj
 .ARM.attributes
                0x00000396       0x34 CMakeFiles/robocup_ctype.dir/Modules/message_center/message_center.c.obj
 .ARM.attributes
                0x000003ca       0x34 CMakeFiles/robocup_ctype.dir/Modules/Vision/master_process.c.obj
 .ARM.attributes
                0x000003fe       0x34 CMakeFiles/robocup_ctype.dir/Modules/Vision/seasky_protocol.c.obj
 .ARM.attributes
                0x00000432       0x34 CMakeFiles/robocup_ctype.dir/Modules/Crc/crc8.c.obj
 .ARM.attributes
                0x00000466       0x34 CMakeFiles/robocup_ctype.dir/Modules/Crc/crc16.c.obj
 .ARM.attributes
                0x0000049a       0x34 CMakeFiles/robocup_ctype.dir/Middlewares/Third_Party/SEGGER/RTT/SEGGER_RTT_printf.c.obj
 .ARM.attributes
                0x000004ce       0x34 CMakeFiles/robocup_ctype.dir/Middlewares/Third_Party/SEGGER/RTT/SEGGER_RTT.c.obj
 .ARM.attributes
                0x00000502       0x34 CMakeFiles/robocup_ctype.dir/App/Init/init.c.obj
 .ARM.attributes
                0x00000536       0x34 CMakeFiles/robocup_ctype.dir/App/Car/car.c.obj
 .ARM.attributes
                0x0000056a       0x34 CMakeFiles/robocup_ctype.dir/App/Cmd/cmd.c.obj
 .ARM.attributes
                0x0000059e       0x34 CMakeFiles/robocup_ctype.dir/Core/Src/main.c.obj
 .ARM.attributes
                0x000005d2       0x34 CMakeFiles/robocup_ctype.dir/Core/Src/gpio.c.obj
 .ARM.attributes
                0x00000606       0x34 CMakeFiles/robocup_ctype.dir/Core/Src/freertos.c.obj
 .ARM.attributes
                0x0000063a       0x34 CMakeFiles/robocup_ctype.dir/Core/Src/can.c.obj
 .ARM.attributes
                0x0000066e       0x34 CMakeFiles/robocup_ctype.dir/Core/Src/dma.c.obj
 .ARM.attributes
                0x000006a2       0x34 CMakeFiles/robocup_ctype.dir/Core/Src/rng.c.obj
 .ARM.attributes
                0x000006d6       0x34 CMakeFiles/robocup_ctype.dir/Core/Src/rtc.c.obj
 .ARM.attributes
                0x0000070a       0x34 CMakeFiles/robocup_ctype.dir/Core/Src/tim.c.obj
 .ARM.attributes
                0x0000073e       0x34 CMakeFiles/robocup_ctype.dir/Core/Src/usart.c.obj
 .ARM.attributes
                0x00000772       0x34 CMakeFiles/robocup_ctype.dir/Core/Src/stm32f4xx_it.c.obj
 .ARM.attributes
                0x000007a6       0x34 CMakeFiles/robocup_ctype.dir/Core/Src/stm32f4xx_hal_msp.c.obj
 .ARM.attributes
                0x000007da       0x34 CMakeFiles/robocup_ctype.dir/Core/Src/stm32f4xx_hal_timebase_tim.c.obj
 .ARM.attributes
                0x0000080e       0x34 CMakeFiles/robocup_ctype.dir/Drivers/STM32F4xx_HAL_Driver/Src/stm32f4xx_hal_can.c.obj
 .ARM.attributes
                0x00000842       0x34 CMakeFiles/robocup_ctype.dir/Drivers/STM32F4xx_HAL_Driver/Src/stm32f4xx_hal_rcc.c.obj
 .ARM.attributes
                0x00000876       0x34 CMakeFiles/robocup_ctype.dir/Drivers/STM32F4xx_HAL_Driver/Src/stm32f4xx_hal_rcc_ex.c.obj
 .ARM.attributes
                0x000008aa       0x34 CMakeFiles/robocup_ctype.dir/Drivers/STM32F4xx_HAL_Driver/Src/stm32f4xx_hal_gpio.c.obj
 .ARM.attributes
                0x000008de       0x34 CMakeFiles/robocup_ctype.dir/Drivers/STM32F4xx_HAL_Driver/Src/stm32f4xx_hal_dma.c.obj
 .ARM.attributes
                0x00000912       0x34 CMakeFiles/robocup_ctype.dir/Drivers/STM32F4xx_HAL_Driver/Src/stm32f4xx_hal_cortex.c.obj
 .ARM.attributes
                0x00000946       0x34 CMakeFiles/robocup_ctype.dir/Drivers/STM32F4xx_HAL_Driver/Src/stm32f4xx_hal.c.obj
 .ARM.attributes
                0x0000097a       0x34 CMakeFiles/robocup_ctype.dir/Drivers/STM32F4xx_HAL_Driver/Src/stm32f4xx_hal_rng.c.obj
 .ARM.attributes
                0x000009ae       0x34 CMakeFiles/robocup_ctype.dir/Drivers/STM32F4xx_HAL_Driver/Src/stm32f4xx_hal_rtc.c.obj
 .ARM.attributes
                0x000009e2       0x34 CMakeFiles/robocup_ctype.dir/Drivers/STM32F4xx_HAL_Driver/Src/stm32f4xx_hal_tim.c.obj
 .ARM.attributes
                0x00000a16       0x34 CMakeFiles/robocup_ctype.dir/Drivers/STM32F4xx_HAL_Driver/Src/stm32f4xx_hal_tim_ex.c.obj
 .ARM.attributes
                0x00000a4a       0x34 CMakeFiles/robocup_ctype.dir/Drivers/STM32F4xx_HAL_Driver/Src/stm32f4xx_hal_uart.c.obj
 .ARM.attributes
                0x00000a7e       0x34 CMakeFiles/robocup_ctype.dir/Core/Src/system_stm32f4xx.c.obj
 .ARM.attributes
                0x00000ab2       0x34 CMakeFiles/robocup_ctype.dir/Middlewares/Third_Party/FreeRTOS/Source/list.c.obj
 .ARM.attributes
                0x00000ae6       0x34 CMakeFiles/robocup_ctype.dir/Middlewares/Third_Party/FreeRTOS/Source/tasks.c.obj
 .ARM.attributes
                0x00000b1a       0x34 CMakeFiles/robocup_ctype.dir/Middlewares/Third_Party/FreeRTOS/Source/CMSIS_RTOS/cmsis_os.c.obj
 .ARM.attributes
                0x00000b4e       0x34 CMakeFiles/robocup_ctype.dir/Middlewares/Third_Party/FreeRTOS/Source/portable/MemMang/heap_4.c.obj
 .ARM.attributes
                0x00000b82       0x34 CMakeFiles/robocup_ctype.dir/Middlewares/Third_Party/FreeRTOS/Source/portable/GCC/ARM_CM4F/port.c.obj
 .ARM.attributes
                0x00000bb6       0x34 CMakeFiles/robocup_ctype.dir/Core/Src/sysmem.c.obj
 .ARM.attributes
                0x00000bea       0x21 CMakeFiles/robocup_ctype.dir/startup_stm32f407xx.s.obj
 .ARM.attributes
                0x00000c0b       0x22 D:/Arm GNU Toolchain arm-none-eabi/13.3 rel1/bin/../lib/gcc/arm-none-eabi/13.3.1/thumb/v7e-m+fp/hard\libgcc.a(_aeabi_uldivmod.o)
 .ARM.attributes
                0x00000c2d       0x34 D:/Arm GNU Toolchain arm-none-eabi/13.3 rel1/bin/../lib/gcc/arm-none-eabi/13.3.1/thumb/v7e-m+fp/hard\libgcc.a(_udivmoddi4.o)
 .ARM.attributes
                0x00000c61       0x22 D:/Arm GNU Toolchain arm-none-eabi/13.3 rel1/bin/../lib/gcc/arm-none-eabi/13.3.1/thumb/v7e-m+fp/hard\libgcc.a(_dvmd_tls.o)
 .ARM.attributes
                0x00000c83       0x34 D:/Arm GNU Toolchain arm-none-eabi/13.3 rel1/bin/../lib/gcc/arm-none-eabi/13.3.1/thumb/v7e-m+fp/hard\libg_nano.a(libc_a-malloc.o)
 .ARM.attributes
                0x00000cb7       0x34 D:/Arm GNU Toolchain arm-none-eabi/13.3 rel1/bin/../lib/gcc/arm-none-eabi/13.3.1/thumb/v7e-m+fp/hard\libg_nano.a(libc_a-strnlen.o)
 .ARM.attributes
                0x00000ceb       0x34 D:/Arm GNU Toolchain arm-none-eabi/13.3 rel1/bin/../lib/gcc/arm-none-eabi/13.3.1/thumb/v7e-m+fp/hard\libg_nano.a(libc_a-errno.o)
 .ARM.attributes
                0x00000d1f       0x20 D:/Arm GNU Toolchain arm-none-eabi/13.3 rel1/bin/../lib/gcc/arm-none-eabi/13.3.1/thumb/v7e-m+fp/hard\libg_nano.a(libc_a-strcmp.o)
 .ARM.attributes
                0x00000d3f       0x34 D:/Arm GNU Toolchain arm-none-eabi/13.3 rel1/bin/../lib/gcc/arm-none-eabi/13.3.1/thumb/v7e-m+fp/hard\libg_nano.a(libc_a-strcpy.o)
 .ARM.attributes
                0x00000d73       0x34 D:/Arm GNU Toolchain arm-none-eabi/13.3 rel1/bin/../lib/gcc/arm-none-eabi/13.3.1/thumb/v7e-m+fp/hard\libg_nano.a(libc_a-memcpy-stub.o)
 .ARM.attributes
                0x00000da7       0x34 D:/Arm GNU Toolchain arm-none-eabi/13.3 rel1/bin/../lib/gcc/arm-none-eabi/13.3.1/thumb/v7e-m+fp/hard/crtend.o
 .ARM.attributes
                0x00000ddb       0x22 D:/Arm GNU Toolchain arm-none-eabi/13.3 rel1/bin/../lib/gcc/arm-none-eabi/13.3.1/thumb/v7e-m+fp/hard/crtn.o

.comment        0x00000000       0x45
 .comment       0x00000000       0x45 CMakeFiles/robocup_ctype.dir/Bsp/dwt/bsp_dwt.c.obj
                                 0x46 (size before relaxing)
 .comment       0x00000045       0x46 CMakeFiles/robocup_ctype.dir/Bsp/usart/bsp_usart.c.obj